Command line invocation:
    /Applications/Xcode.app/Contents/Developer/usr/bin/xcodebuild -project TankTheaterCareScenes.xcodeproj -scheme TankTheaterCareScenes -configuration Debug -destination "generic/platform=iOS Simulator" -derivedDataPath build/DerivedData build

ComputePackagePrebuildTargetDependencyGraph

Prepare packages

CreateBuildRequest

SendProjectDescription

CreateBuildOperation

ComputeTargetDependencyGraph
note: Building targets in dependency order
note: Target dependency graph (1 target)
    Target 'TankTheaterCareScenes' in project 'TankTheaterCareScenes' (no dependencies)

GatherProvisioningInputs

CreateBuildDescription

ExecuteExternalTool /Applications/Xcode.app/Contents/Developer/Toolchains/XcodeDefault.xctoolchain/usr/bin/swiftc --version

ExecuteExternalTool /Applications/Xcode.app/Contents/Developer/Toolchains/XcodeDefault.xctoolchain/usr/bin/clang -v -E -dM -isysroot /Applications/Xcode.app/Contents/Developer/Platforms/iPhoneSimulator.platform/Developer/SDKs/iPhoneSimulator26.5.sdk -x c -c /dev/null

ExecuteExternalTool /Applications/Xcode.app/Contents/Developer/Toolchains/XcodeDefault.xctoolchain/usr/bin/ld -version_details

Build description signature: 426542c9d5eea12ff7efbaf66954017f
Build description path: /Users/wangrenzhu/work/TankTheaterCareScenes/build/DerivedData/Build/Intermediates.noindex/XCBuildData/426542c9d5eea12ff7efbaf66954017f.xcbuilddata
CreateBuildDirectory /Users/wangrenzhu/work/TankTheaterCareScenes/build/DerivedData/Build/Products
    cd /Users/wangrenzhu/work/TankTheaterCareScenes/TankTheaterCareScenes.xcodeproj
    builtin-create-build-directory /Users/wangrenzhu/work/TankTheaterCareScenes/build/DerivedData/Build/Products

CreateBuildDirectory /Users/wangrenzhu/work/TankTheaterCareScenes/build/DerivedData/Build/Intermediates.noindex
    cd /Users/wangrenzhu/work/TankTheaterCareScenes/TankTheaterCareScenes.xcodeproj
    builtin-create-build-directory /Users/wangrenzhu/work/TankTheaterCareScenes/build/DerivedData/Build/Intermediates.noindex

ClangStatCache /Applications/Xcode.app/Contents/Developer/Toolchains/XcodeDefault.xctoolchain/usr/bin/clang-stat-cache /Applications/Xcode.app/Contents/Developer/Platforms/iPhoneSimulator.platform/Developer/SDKs/iPhoneSimulator26.5.sdk /Users/wangrenzhu/work/TankTheaterCareScenes/build/DerivedData/SDKStatCaches.noindex/iphonesimulator26.5-23F81a-6cfe768891a92b912361537c460fe42b.sdkstatcache
    cd /Users/wangrenzhu/work/TankTheaterCareScenes/TankTheaterCareScenes.xcodeproj
    /Applications/Xcode.app/Contents/Developer/Toolchains/XcodeDefault.xctoolchain/usr/bin/clang-stat-cache /Applications/Xcode.app/Contents/Developer/Platforms/iPhoneSimulator.platform/Developer/SDKs/iPhoneSimulator26.5.sdk -o /Users/wangrenzhu/work/TankTheaterCareScenes/build/DerivedData/SDKStatCaches.noindex/iphonesimulator26.5-23F81a-6cfe768891a92b912361537c460fe42b.sdkstatcache

CreateBuildDirectory /Users/wangrenzhu/work/TankTheaterCareScenes/build/DerivedData/Build/Products/Debug-iphonesimulator
    cd /Users/wangrenzhu/work/TankTheaterCareScenes/TankTheaterCareScenes.xcodeproj
    builtin-create-build-directory /Users/wangrenzhu/work/TankTheaterCareScenes/build/DerivedData/Build/Products/Debug-iphonesimulator

CreateBuildDirectory /Users/wangrenzhu/work/TankTheaterCareScenes/build/DerivedData/Build/Intermediates.noindex/ExplicitPrecompiledModules
    cd /Users/wangrenzhu/work/TankTheaterCareScenes/TankTheaterCareScenes.xcodeproj
    builtin-create-build-directory /Users/wangrenzhu/work/TankTheaterCareScenes/build/DerivedData/Build/Intermediates.noindex/ExplicitPrecompiledModules

CreateBuildDirectory /Users/wangrenzhu/work/TankTheaterCareScenes/build/DerivedData/Build/Intermediates.noindex/SwiftExplicitPrecompiledModules
    cd /Users/wangrenzhu/work/TankTheaterCareScenes/TankTheaterCareScenes.xcodeproj
    builtin-create-build-directory /Users/wangrenzhu/work/TankTheaterCareScenes/build/DerivedData/Build/Intermediates.noindex/SwiftExplicitPrecompiledModules

WriteAuxiliaryFile /Users/wangrenzhu/work/TankTheaterCareScenes/build/DerivedData/Build/Intermediates.noindex/TankTheaterCareScenes.build/Debug-iphonesimulator/TankTheaterCareScenes-b35e2764d686dca43d749ad8b8d04a3c-VFS-iphonesimulator/all-product-headers.yaml
    cd /Users/wangrenzhu/work/TankTheaterCareScenes/TankTheaterCareScenes.xcodeproj
    write-file /Users/wangrenzhu/work/TankTheaterCareScenes/build/DerivedData/Build/Intermediates.noindex/TankTheaterCareScenes.build/Debug-iphonesimulator/TankTheaterCareScenes-b35e2764d686dca43d749ad8b8d04a3c-VFS-iphonesimulator/all-product-headers.yaml

CreateBuildDirectory /Users/wangrenzhu/work/TankTheaterCareScenes/build/DerivedData/Build/Intermediates.noindex/EagerLinkingTBDs/Debug-iphonesimulator
    cd /Users/wangrenzhu/work/TankTheaterCareScenes/TankTheaterCareScenes.xcodeproj
    builtin-create-build-directory /Users/wangrenzhu/work/TankTheaterCareScenes/build/DerivedData/Build/Intermediates.noindex/EagerLinkingTBDs/Debug-iphonesimulator

WriteAuxiliaryFile /Users/wangrenzhu/work/TankTheaterCareScenes/build/DerivedData/Build/Intermediates.noindex/TankTheaterCareScenes.build/Debug-iphonesimulator/TankTheaterCareScenes.build/TankTheaterCareScenes-generated-files.hmap (in target 'TankTheaterCareScenes' from project 'TankTheaterCareScenes')
    cd /Users/wangrenzhu/work/TankTheaterCareScenes
    write-file /Users/wangrenzhu/work/TankTheaterCareScenes/build/DerivedData/Build/Intermediates.noindex/TankTheaterCareScenes.build/Debug-iphonesimulator/TankTheaterCareScenes.build/TankTheaterCareScenes-generated-files.hmap

WriteAuxiliaryFile /Users/wangrenzhu/work/TankTheaterCareScenes/build/DerivedData/Build/Intermediates.noindex/TankTheaterCareScenes.build/Debug-iphonesimulator/TankTheaterCareScenes.build/TankTheaterCareScenes-all-non-framework-target-headers.hmap (in target 'TankTheaterCareScenes' from project 'TankTheaterCareScenes')
    cd /Users/wangrenzhu/work/TankTheaterCareScenes
    write-file /Users/wangrenzhu/work/TankTheaterCareScenes/build/DerivedData/Build/Intermediates.noindex/TankTheaterCareScenes.build/Debug-iphonesimulator/TankTheaterCareScenes.build/TankTheaterCareScenes-all-non-framework-target-headers.hmap

WriteAuxiliaryFile /Users/wangrenzhu/work/TankTheaterCareScenes/build/DerivedData/Build/Intermediates.noindex/TankTheaterCareScenes.build/Debug-iphonesimulator/TankTheaterCareScenes.build/TankTheaterCareScenes-all-target-headers.hmap (in target 'TankTheaterCareScenes' from project 'TankTheaterCareScenes')
    cd /Users/wangrenzhu/work/TankTheaterCareScenes
    write-file /Users/wangrenzhu/work/TankTheaterCareScenes/build/DerivedData/Build/Intermediates.noindex/TankTheaterCareScenes.build/Debug-iphonesimulator/TankTheaterCareScenes.build/TankTheaterCareScenes-all-target-headers.hmap

WriteAuxiliaryFile /Users/wangrenzhu/work/TankTheaterCareScenes/build/DerivedData/Build/Intermediates.noindex/TankTheaterCareScenes.build/Debug-iphonesimulator/TankTheaterCareScenes.build/TankTheaterCareScenes.hmap (in target 'TankTheaterCareScenes' from project 'TankTheaterCareScenes')
    cd /Users/wangrenzhu/work/TankTheaterCareScenes
    write-file /Users/wangrenzhu/work/TankTheaterCareScenes/build/DerivedData/Build/Intermediates.noindex/TankTheaterCareScenes.build/Debug-iphonesimulator/TankTheaterCareScenes.build/TankTheaterCareScenes.hmap

WriteAuxiliaryFile /Users/wangrenzhu/work/TankTheaterCareScenes/build/DerivedData/Build/Intermediates.noindex/TankTheaterCareScenes.build/Debug-iphonesimulator/TankTheaterCareScenes.build/TankTheaterCareScenes.DependencyMetadataFileList (in target 'TankTheaterCareScenes' from project 'TankTheaterCareScenes')
    cd /Users/wangrenzhu/work/TankTheaterCareScenes
    write-file /Users/wangrenzhu/work/TankTheaterCareScenes/build/DerivedData/Build/Intermediates.noindex/TankTheaterCareScenes.build/Debug-iphonesimulator/TankTheaterCareScenes.build/TankTheaterCareScenes.DependencyMetadataFileList

WriteAuxiliaryFile /Users/wangrenzhu/work/TankTheaterCareScenes/build/DerivedData/Build/Intermediates.noindex/TankTheaterCareScenes.build/Debug-iphonesimulator/TankTheaterCareScenes.build/TankTheaterCareScenes.DependencyStaticMetadataFileList (in target 'TankTheaterCareScenes' from project 'TankTheaterCareScenes')
    cd /Users/wangrenzhu/work/TankTheaterCareScenes
    write-file /Users/wangrenzhu/work/TankTheaterCareScenes/build/DerivedData/Build/Intermediates.noindex/TankTheaterCareScenes.build/Debug-iphonesimulator/TankTheaterCareScenes.build/TankTheaterCareScenes.DependencyStaticMetadataFileList

WriteAuxiliaryFile /Users/wangrenzhu/work/TankTheaterCareScenes/build/DerivedData/Build/Intermediates.noindex/TankTheaterCareScenes.build/Debug-iphonesimulator/TankTheaterCareScenes.build/TankTheaterCareScenes-project-headers.hmap (in target 'TankTheaterCareScenes' from project 'TankTheaterCareScenes')
    cd /Users/wangrenzhu/work/TankTheaterCareScenes
    write-file /Users/wangrenzhu/work/TankTheaterCareScenes/build/DerivedData/Build/Intermediates.noindex/TankTheaterCareScenes.build/Debug-iphonesimulator/TankTheaterCareScenes.build/TankTheaterCareScenes-project-headers.hmap

WriteAuxiliaryFile /Users/wangrenzhu/work/TankTheaterCareScenes/build/DerivedData/Build/Intermediates.noindex/TankTheaterCareScenes.build/Debug-iphonesimulator/TankTheaterCareScenes.build/empty-TankTheaterCareScenes.plist (in target 'TankTheaterCareScenes' from project 'TankTheaterCareScenes')
    cd /Users/wangrenzhu/work/TankTheaterCareScenes
    write-file /Users/wangrenzhu/work/TankTheaterCareScenes/build/DerivedData/Build/Intermediates.noindex/TankTheaterCareScenes.build/Debug-iphonesimulator/TankTheaterCareScenes.build/empty-TankTheaterCareScenes.plist

WriteAuxiliaryFile /Users/wangrenzhu/work/TankTheaterCareScenes/build/DerivedData/Build/Intermediates.noindex/TankTheaterCareScenes.build/Debug-iphonesimulator/TankTheaterCareScenes.build/TankTheaterCareScenes-own-target-headers.hmap (in target 'TankTheaterCareScenes' from project 'TankTheaterCareScenes')
    cd /Users/wangrenzhu/work/TankTheaterCareScenes
    write-file /Users/wangrenzhu/work/TankTheaterCareScenes/build/DerivedData/Build/Intermediates.noindex/TankTheaterCareScenes.build/Debug-iphonesimulator/TankTheaterCareScenes.build/TankTheaterCareScenes-own-target-headers.hmap

WriteAuxiliaryFile /Users/wangrenzhu/work/TankTheaterCareScenes/build/DerivedData/Build/Intermediates.noindex/TankTheaterCareScenes.build/Debug-iphonesimulator/TankTheaterCareScenes.build/TankTheaterCareScenes-DebugDylibPath-normal-x86_64.txt (in target 'TankTheaterCareScenes' from project 'TankTheaterCareScenes')
    cd /Users/wangrenzhu/work/TankTheaterCareScenes
    write-file /Users/wangrenzhu/work/TankTheaterCareScenes/build/DerivedData/Build/Intermediates.noindex/TankTheaterCareScenes.build/Debug-iphonesimulator/TankTheaterCareScenes.build/TankTheaterCareScenes-DebugDylibPath-normal-x86_64.txt

WriteAuxiliaryFile /Users/wangrenzhu/work/TankTheaterCareScenes/build/DerivedData/Build/Intermediates.noindex/TankTheaterCareScenes.build/Debug-iphonesimulator/TankTheaterCareScenes.build/TankTheaterCareScenes-DebugDylibPath-normal-arm64.txt (in target 'TankTheaterCareScenes' from project 'TankTheaterCareScenes')
    cd /Users/wangrenzhu/work/TankTheaterCareScenes
    write-file /Users/wangrenzhu/work/TankTheaterCareScenes/build/DerivedData/Build/Intermediates.noindex/TankTheaterCareScenes.build/Debug-iphonesimulator/TankTheaterCareScenes.build/TankTheaterCareScenes-DebugDylibPath-normal-arm64.txt

WriteAuxiliaryFile /Users/wangrenzhu/work/TankTheaterCareScenes/build/DerivedData/Build/Intermediates.noindex/TankTheaterCareScenes.build/Debug-iphonesimulator/TankTheaterCareScenes.build/TankTheaterCareScenes-DebugDylibInstallName-normal-x86_64.txt (in target 'TankTheaterCareScenes' from project 'TankTheaterCareScenes')
    cd /Users/wangrenzhu/work/TankTheaterCareScenes
    write-file /Users/wangrenzhu/work/TankTheaterCareScenes/build/DerivedData/Build/Intermediates.noindex/TankTheaterCareScenes.build/Debug-iphonesimulator/TankTheaterCareScenes.build/TankTheaterCareScenes-DebugDylibInstallName-normal-x86_64.txt

WriteAuxiliaryFile /Users/wangrenzhu/work/TankTheaterCareScenes/build/DerivedData/Build/Intermediates.noindex/TankTheaterCareScenes.build/Debug-iphonesimulator/TankTheaterCareScenes.build/TankTheaterCareScenes-DebugDylibInstallName-normal-arm64.txt (in target 'TankTheaterCareScenes' from project 'TankTheaterCareScenes')
    cd /Users/wangrenzhu/work/TankTheaterCareScenes
    write-file /Users/wangrenzhu/work/TankTheaterCareScenes/build/DerivedData/Build/Intermediates.noindex/TankTheaterCareScenes.build/Debug-iphonesimulator/TankTheaterCareScenes.build/TankTheaterCareScenes-DebugDylibInstallName-normal-arm64.txt

WriteAuxiliaryFile /Users/wangrenzhu/work/TankTheaterCareScenes/build/DerivedData/Build/Intermediates.noindex/TankTheaterCareScenes.build/Debug-iphonesimulator/TankTheaterCareScenes.build/Objects-normal/x86_64/TankTheaterCareScenes.SwiftFileList (in target 'TankTheaterCareScenes' from project 'TankTheaterCareScenes')
    cd /Users/wangrenzhu/work/TankTheaterCareScenes
    write-file /Users/wangrenzhu/work/TankTheaterCareScenes/build/DerivedData/Build/Intermediates.noindex/TankTheaterCareScenes.build/Debug-iphonesimulator/TankTheaterCareScenes.build/Objects-normal/x86_64/TankTheaterCareScenes.SwiftFileList

WriteAuxiliaryFile /Users/wangrenzhu/work/TankTheaterCareScenes/build/DerivedData/Build/Intermediates.noindex/TankTheaterCareScenes.build/Debug-iphonesimulator/TankTheaterCareScenes.build/Objects-normal/x86_64/TankTheaterCareScenes_const_extract_protocols.json (in target 'TankTheaterCareScenes' from project 'TankTheaterCareScenes')
    cd /Users/wangrenzhu/work/TankTheaterCareScenes
    write-file /Users/wangrenzhu/work/TankTheaterCareScenes/build/DerivedData/Build/Intermediates.noindex/TankTheaterCareScenes.build/Debug-iphonesimulator/TankTheaterCareScenes.build/Objects-normal/x86_64/TankTheaterCareScenes_const_extract_protocols.json

WriteAuxiliaryFile /Users/wangrenzhu/work/TankTheaterCareScenes/build/DerivedData/Build/Intermediates.noindex/TankTheaterCareScenes.build/Debug-iphonesimulator/TankTheaterCareScenes.build/Objects-normal/x86_64/TankTheaterCareScenes.SwiftConstValuesFileList (in target 'TankTheaterCareScenes' from project 'TankTheaterCareScenes')
    cd /Users/wangrenzhu/work/TankTheaterCareScenes
    write-file /Users/wangrenzhu/work/TankTheaterCareScenes/build/DerivedData/Build/Intermediates.noindex/TankTheaterCareScenes.build/Debug-iphonesimulator/TankTheaterCareScenes.build/Objects-normal/x86_64/TankTheaterCareScenes.SwiftConstValuesFileList

WriteAuxiliaryFile /Users/wangrenzhu/work/TankTheaterCareScenes/build/DerivedData/Build/Intermediates.noindex/TankTheaterCareScenes.build/Debug-iphonesimulator/TankTheaterCareScenes.build/Objects-normal/x86_64/TankTheaterCareScenes.LinkFileList (in target 'TankTheaterCareScenes' from project 'TankTheaterCareScenes')
    cd /Users/wangrenzhu/work/TankTheaterCareScenes
    write-file /Users/wangrenzhu/work/TankTheaterCareScenes/build/DerivedData/Build/Intermediates.noindex/TankTheaterCareScenes.build/Debug-iphonesimulator/TankTheaterCareScenes.build/Objects-normal/x86_64/TankTheaterCareScenes.LinkFileList

WriteAuxiliaryFile /Users/wangrenzhu/work/TankTheaterCareScenes/build/DerivedData/Build/Intermediates.noindex/TankTheaterCareScenes.build/Debug-iphonesimulator/TankTheaterCareScenes.build/Objects-normal/x86_64/TankTheaterCareScenes-OutputFileMap.json (in target 'TankTheaterCareScenes' from project 'TankTheaterCareScenes')
    cd /Users/wangrenzhu/work/TankTheaterCareScenes
    write-file /Users/wangrenzhu/work/TankTheaterCareScenes/build/DerivedData/Build/Intermediates.noindex/TankTheaterCareScenes.build/Debug-iphonesimulator/TankTheaterCareScenes.build/Objects-normal/x86_64/TankTheaterCareScenes-OutputFileMap.json

WriteAuxiliaryFile /Users/wangrenzhu/work/TankTheaterCareScenes/build/DerivedData/Build/Intermediates.noindex/TankTheaterCareScenes.build/Debug-iphonesimulator/TankTheaterCareScenes.build/Objects-normal/arm64/TankTheaterCareScenes.LinkFileList (in target 'TankTheaterCareScenes' from project 'TankTheaterCareScenes')
    cd /Users/wangrenzhu/work/TankTheaterCareScenes
    write-file /Users/wangrenzhu/work/TankTheaterCareScenes/build/DerivedData/Build/Intermediates.noindex/TankTheaterCareScenes.build/Debug-iphonesimulator/TankTheaterCareScenes.build/Objects-normal/arm64/TankTheaterCareScenes.LinkFileList

WriteAuxiliaryFile /Users/wangrenzhu/work/TankTheaterCareScenes/build/DerivedData/Build/Intermediates.noindex/TankTheaterCareScenes.build/Debug-iphonesimulator/TankTheaterCareScenes.build/Objects-normal/arm64/TankTheaterCareScenes-OutputFileMap.json (in target 'TankTheaterCareScenes' from project 'TankTheaterCareScenes')
    cd /Users/wangrenzhu/work/TankTheaterCareScenes
    write-file /Users/wangrenzhu/work/TankTheaterCareScenes/build/DerivedData/Build/Intermediates.noindex/TankTheaterCareScenes.build/Debug-iphonesimulator/TankTheaterCareScenes.build/Objects-normal/arm64/TankTheaterCareScenes-OutputFileMap.json

WriteAuxiliaryFile /Users/wangrenzhu/work/TankTheaterCareScenes/build/DerivedData/Build/Intermediates.noindex/TankTheaterCareScenes.build/Debug-iphonesimulator/TankTheaterCareScenes.build/Objects-normal/arm64/TankTheaterCareScenes_const_extract_protocols.json (in target 'TankTheaterCareScenes' from project 'TankTheaterCareScenes')
    cd /Users/wangrenzhu/work/TankTheaterCareScenes
    write-file /Users/wangrenzhu/work/TankTheaterCareScenes/build/DerivedData/Build/Intermediates.noindex/TankTheaterCareScenes.build/Debug-iphonesimulator/TankTheaterCareScenes.build/Objects-normal/arm64/TankTheaterCareScenes_const_extract_protocols.json

MkDir /Users/wangrenzhu/work/TankTheaterCareScenes/build/DerivedData/Build/Products/Debug-iphonesimulator/TankTheaterCareScenes.app (in target 'TankTheaterCareScenes' from project 'TankTheaterCareScenes')
    cd /Users/wangrenzhu/work/TankTheaterCareScenes
    /bin/mkdir -p /Users/wangrenzhu/work/TankTheaterCareScenes/build/DerivedData/Build/Products/Debug-iphonesimulator/TankTheaterCareScenes.app

WriteAuxiliaryFile /Users/wangrenzhu/work/TankTheaterCareScenes/build/DerivedData/Build/Intermediates.noindex/TankTheaterCareScenes.build/Debug-iphonesimulator/TankTheaterCareScenes.build/Objects-normal/arm64/TankTheaterCareScenes.SwiftFileList (in target 'TankTheaterCareScenes' from project 'TankTheaterCareScenes')
    cd /Users/wangrenzhu/work/TankTheaterCareScenes
    write-file /Users/wangrenzhu/work/TankTheaterCareScenes/build/DerivedData/Build/Intermediates.noindex/TankTheaterCareScenes.build/Debug-iphonesimulator/TankTheaterCareScenes.build/Objects-normal/arm64/TankTheaterCareScenes.SwiftFileList

WriteAuxiliaryFile /Users/wangrenzhu/work/TankTheaterCareScenes/build/DerivedData/Build/Intermediates.noindex/TankTheaterCareScenes.build/Debug-iphonesimulator/TankTheaterCareScenes.build/Objects-normal/arm64/TankTheaterCareScenes.SwiftConstValuesFileList (in target 'TankTheaterCareScenes' from project 'TankTheaterCareScenes')
    cd /Users/wangrenzhu/work/TankTheaterCareScenes
    write-file /Users/wangrenzhu/work/TankTheaterCareScenes/build/DerivedData/Build/Intermediates.noindex/TankTheaterCareScenes.build/Debug-iphonesimulator/TankTheaterCareScenes.build/Objects-normal/arm64/TankTheaterCareScenes.SwiftConstValuesFileList

WriteAuxiliaryFile /Users/wangrenzhu/work/TankTheaterCareScenes/build/DerivedData/Build/Intermediates.noindex/TankTheaterCareScenes.build/Debug-iphonesimulator/TankTheaterCareScenes.build/DerivedSources/Entitlements-Simulated.plist (in target 'TankTheaterCareScenes' from project 'TankTheaterCareScenes')
    cd /Users/wangrenzhu/work/TankTheaterCareScenes
    write-file /Users/wangrenzhu/work/TankTheaterCareScenes/build/DerivedData/Build/Intermediates.noindex/TankTheaterCareScenes.build/Debug-iphonesimulator/TankTheaterCareScenes.build/DerivedSources/Entitlements-Simulated.plist

ProcessProductPackaging "" /Users/wangrenzhu/work/TankTheaterCareScenes/build/DerivedData/Build/Intermediates.noindex/TankTheaterCareScenes.build/Debug-iphonesimulator/TankTheaterCareScenes.build/TankTheaterCareScenes.app-Simulated.xcent (in target 'TankTheaterCareScenes' from project 'TankTheaterCareScenes')
    cd /Users/wangrenzhu/work/TankTheaterCareScenes
    
    Entitlements:
    
    {
    "application-identifier" = "FAKETEAMID.com.tanktheater.carescenes";
}
    
    builtin-productPackagingUtility -entitlements -format xml -o /Users/wangrenzhu/work/TankTheaterCareScenes/build/DerivedData/Build/Intermediates.noindex/TankTheaterCareScenes.build/Debug-iphonesimulator/TankTheaterCareScenes.build/TankTheaterCareScenes.app-Simulated.xcent

ProcessProductPackagingDER /Users/wangrenzhu/work/TankTheaterCareScenes/build/DerivedData/Build/Intermediates.noindex/TankTheaterCareScenes.build/Debug-iphonesimulator/TankTheaterCareScenes.build/TankTheaterCareScenes.app-Simulated.xcent /Users/wangrenzhu/work/TankTheaterCareScenes/build/DerivedData/Build/Intermediates.noindex/TankTheaterCareScenes.build/Debug-iphonesimulator/TankTheaterCareScenes.build/TankTheaterCareScenes.app-Simulated.xcent.der (in target 'TankTheaterCareScenes' from project 'TankTheaterCareScenes')
    cd /Users/wangrenzhu/work/TankTheaterCareScenes
    /usr/bin/derq query -f xml -i /Users/wangrenzhu/work/TankTheaterCareScenes/build/DerivedData/Build/Intermediates.noindex/TankTheaterCareScenes.build/Debug-iphonesimulator/TankTheaterCareScenes.build/TankTheaterCareScenes.app-Simulated.xcent -o /Users/wangrenzhu/work/TankTheaterCareScenes/build/DerivedData/Build/Intermediates.noindex/TankTheaterCareScenes.build/Debug-iphonesimulator/TankTheaterCareScenes.build/TankTheaterCareScenes.app-Simulated.xcent.der --raw

CpResource /Users/wangrenzhu/work/TankTheaterCareScenes/build/DerivedData/Build/Products/Debug-iphonesimulator/TankTheaterCareScenes.app/TankTheaterCareScenes.storekit /Users/wangrenzhu/work/TankTheaterCareScenes/TankTheaterCareScenes/StoreKit/TankTheaterCareScenes.storekit (in target 'TankTheaterCareScenes' from project 'TankTheaterCareScenes')
    cd /Users/wangrenzhu/work/TankTheaterCareScenes
    builtin-copy -exclude .DS_Store -exclude CVS -exclude .svn -exclude .git -exclude .hg -resolve-src-symlinks /Users/wangrenzhu/work/TankTheaterCareScenes/TankTheaterCareScenes/StoreKit/TankTheaterCareScenes.storekit /Users/wangrenzhu/work/TankTheaterCareScenes/build/DerivedData/Build/Products/Debug-iphonesimulator/TankTheaterCareScenes.app

ProcessInfoPlistFile /Users/wangrenzhu/work/TankTheaterCareScenes/build/DerivedData/Build/Products/Debug-iphonesimulator/TankTheaterCareScenes.app/Info.plist /Users/wangrenzhu/work/TankTheaterCareScenes/build/DerivedData/Build/Intermediates.noindex/TankTheaterCareScenes.build/Debug-iphonesimulator/TankTheaterCareScenes.build/empty-TankTheaterCareScenes.plist (in target 'TankTheaterCareScenes' from project 'TankTheaterCareScenes')
    cd /Users/wangrenzhu/work/TankTheaterCareScenes
    builtin-infoPlistUtility /Users/wangrenzhu/work/TankTheaterCareScenes/build/DerivedData/Build/Intermediates.noindex/TankTheaterCareScenes.build/Debug-iphonesimulator/TankTheaterCareScenes.build/empty-TankTheaterCareScenes.plist -producttype com.apple.product-type.application -genpkginfo /Users/wangrenzhu/work/TankTheaterCareScenes/build/DerivedData/Build/Products/Debug-iphonesimulator/TankTheaterCareScenes.app/PkgInfo -expandbuildsettings -format binary -platform iphonesimulator -o /Users/wangrenzhu/work/TankTheaterCareScenes/build/DerivedData/Build/Products/Debug-iphonesimulator/TankTheaterCareScenes.app/Info.plist

CpResource /Users/wangrenzhu/work/TankTheaterCareScenes/build/DerivedData/Build/Products/Debug-iphonesimulator/TankTheaterCareScenes.app/PrivacyInfo.xcprivacy /Users/wangrenzhu/work/TankTheaterCareScenes/TankTheaterCareScenes/PrivacyInfo.xcprivacy (in target 'TankTheaterCareScenes' from project 'TankTheaterCareScenes')
    cd /Users/wangrenzhu/work/TankTheaterCareScenes
    builtin-copy -exclude .DS_Store -exclude CVS -exclude .svn -exclude .git -exclude .hg -resolve-src-symlinks /Users/wangrenzhu/work/TankTheaterCareScenes/TankTheaterCareScenes/PrivacyInfo.xcprivacy /Users/wangrenzhu/work/TankTheaterCareScenes/build/DerivedData/Build/Products/Debug-iphonesimulator/TankTheaterCareScenes.app

Ld /Users/wangrenzhu/work/TankTheaterCareScenes/build/DerivedData/Build/Intermediates.noindex/TankTheaterCareScenes.build/Debug-iphonesimulator/TankTheaterCareScenes.build/Objects-normal/arm64/Binary/__preview.dylib normal arm64 (in target 'TankTheaterCareScenes' from project 'TankTheaterCareScenes')
    cd /Users/wangrenzhu/work/TankTheaterCareScenes
    /Applications/Xcode.app/Contents/Developer/Toolchains/XcodeDefault.xctoolchain/usr/bin/clang -Xlinker -reproducible -target arm64-apple-ios26.0-simulator -dynamiclib -isysroot /Applications/Xcode.app/Contents/Developer/Platforms/iPhoneSimulator.platform/Developer/SDKs/iPhoneSimulator26.5.sdk -O0 -L/Users/wangrenzhu/work/TankTheaterCareScenes/build/DerivedData/Build/Products/Debug-iphonesimulator -F/Users/wangrenzhu/work/TankTheaterCareScenes/build/DerivedData/Build/Products/Debug-iphonesimulator -install_name @rpath/TankTheaterCareScenes.debug.dylib -Xlinker -dead_strip -rdynamic -Xlinker -no_deduplicate -Xlinker -objc_abi_version -Xlinker 2 -Xlinker -debug_variant -Xlinker -dependency_info -Xlinker /Users/wangrenzhu/work/TankTheaterCareScenes/build/DerivedData/Build/Intermediates.noindex/TankTheaterCareScenes.build/Debug-iphonesimulator/TankTheaterCareScenes.build/Objects-normal/arm64/TankTheaterCareScenes_dependency_info.dat -Xlinker -sectcreate -Xlinker __TEXT -Xlinker __entitlements -Xlinker /Users/wangrenzhu/work/TankTheaterCareScenes/build/DerivedData/Build/Intermediates.noindex/TankTheaterCareScenes.build/Debug-iphonesimulator/TankTheaterCareScenes.build/TankTheaterCareScenes.app-Simulated.xcent -Xlinker -sectcreate -Xlinker __TEXT -Xlinker __ents_der -Xlinker /Users/wangrenzhu/work/TankTheaterCareScenes/build/DerivedData/Build/Intermediates.noindex/TankTheaterCareScenes.build/Debug-iphonesimulator/TankTheaterCareScenes.build/TankTheaterCareScenes.app-Simulated.xcent.der -Xlinker -no_adhoc_codesign -o /Users/wangrenzhu/work/TankTheaterCareScenes/build/DerivedData/Build/Intermediates.noindex/TankTheaterCareScenes.build/Debug-iphonesimulator/TankTheaterCareScenes.build/Objects-normal/arm64/Binary/__preview.dylib

Ld /Users/wangrenzhu/work/TankTheaterCareScenes/build/DerivedData/Build/Intermediates.noindex/TankTheaterCareScenes.build/Debug-iphonesimulator/TankTheaterCareScenes.build/Objects-normal/x86_64/Binary/__preview.dylib normal x86_64 (in target 'TankTheaterCareScenes' from project 'TankTheaterCareScenes')
    cd /Users/wangrenzhu/work/TankTheaterCareScenes
    /Applications/Xcode.app/Contents/Developer/Toolchains/XcodeDefault.xctoolchain/usr/bin/clang -Xlinker -reproducible -target x86_64-apple-ios26.0-simulator -dynamiclib -isysroot /Applications/Xcode.app/Contents/Developer/Platforms/iPhoneSimulator.platform/Developer/SDKs/iPhoneSimulator26.5.sdk -O0 -L/Users/wangrenzhu/work/TankTheaterCareScenes/build/DerivedData/Build/Products/Debug-iphonesimulator -F/Users/wangrenzhu/work/TankTheaterCareScenes/build/DerivedData/Build/Products/Debug-iphonesimulator -install_name @rpath/TankTheaterCareScenes.debug.dylib -Xlinker -dead_strip -rdynamic -Xlinker -no_deduplicate -Xlinker -objc_abi_version -Xlinker 2 -Xlinker -debug_variant -Xlinker -dependency_info -Xlinker /Users/wangrenzhu/work/TankTheaterCareScenes/build/DerivedData/Build/Intermediates.noindex/TankTheaterCareScenes.build/Debug-iphonesimulator/TankTheaterCareScenes.build/Objects-normal/x86_64/TankTheaterCareScenes_dependency_info.dat -Xlinker -sectcreate -Xlinker __TEXT -Xlinker __entitlements -Xlinker /Users/wangrenzhu/work/TankTheaterCareScenes/build/DerivedData/Build/Intermediates.noindex/TankTheaterCareScenes.build/Debug-iphonesimulator/TankTheaterCareScenes.build/TankTheaterCareScenes.app-Simulated.xcent -Xlinker -sectcreate -Xlinker __TEXT -Xlinker __ents_der -Xlinker /Users/wangrenzhu/work/TankTheaterCareScenes/build/DerivedData/Build/Intermediates.noindex/TankTheaterCareScenes.build/Debug-iphonesimulator/TankTheaterCareScenes.build/TankTheaterCareScenes.app-Simulated.xcent.der -Xlinker -no_adhoc_codesign -o /Users/wangrenzhu/work/TankTheaterCareScenes/build/DerivedData/Build/Intermediates.noindex/TankTheaterCareScenes.build/Debug-iphonesimulator/TankTheaterCareScenes.build/Objects-normal/x86_64/Binary/__preview.dylib

CreateUniversalBinary /Users/wangrenzhu/work/TankTheaterCareScenes/build/DerivedData/Build/Products/Debug-iphonesimulator/TankTheaterCareScenes.app/__preview.dylib normal arm64\ x86_64 (in target 'TankTheaterCareScenes' from project 'TankTheaterCareScenes')
    cd /Users/wangrenzhu/work/TankTheaterCareScenes
    /Applications/Xcode.app/Contents/Developer/Toolchains/XcodeDefault.xctoolchain/usr/bin/lipo -create /Users/wangrenzhu/work/TankTheaterCareScenes/build/DerivedData/Build/Intermediates.noindex/TankTheaterCareScenes.build/Debug-iphonesimulator/TankTheaterCareScenes.build/Objects-normal/arm64/Binary/__preview.dylib /Users/wangrenzhu/work/TankTheaterCareScenes/build/DerivedData/Build/Intermediates.noindex/TankTheaterCareScenes.build/Debug-iphonesimulator/TankTheaterCareScenes.build/Objects-normal/x86_64/Binary/__preview.dylib -output /Users/wangrenzhu/work/TankTheaterCareScenes/build/DerivedData/Build/Products/Debug-iphonesimulator/TankTheaterCareScenes.app/__preview.dylib

SwiftDriver TankTheaterCareScenes normal x86_64 com.apple.xcode.tools.swift.compiler (in target 'TankTheaterCareScenes' from project 'TankTheaterCareScenes')
    cd /Users/wangrenzhu/work/TankTheaterCareScenes
    builtin-SwiftDriver -- /Applications/Xcode.app/Contents/Developer/Toolchains/XcodeDefault.xctoolchain/usr/bin/swiftc -module-name TankTheaterCareScenes -Onone @/Users/wangrenzhu/work/TankTheaterCareScenes/build/DerivedData/Build/Intermediates.noindex/TankTheaterCareScenes.build/Debug-iphonesimulator/TankTheaterCareScenes.build/Objects-normal/x86_64/TankTheaterCareScenes.SwiftFileList -DDEBUG -default-isolation\=MainActor -enable-bare-slash-regex -enable-upcoming-feature DisableOutwardActorInference -enable-upcoming-feature InferSendableFromCaptures -enable-upcoming-feature GlobalActorIsolatedTypesUsability -enable-upcoming-feature MemberImportVisibility -enable-upcoming-feature InferIsolatedConformances -enable-upcoming-feature NonisolatedNonsendingByDefault -enable-experimental-feature DebugDescriptionMacro -sdk /Applications/Xcode.app/Contents/Developer/Platforms/iPhoneSimulator.platform/Developer/SDKs/iPhoneSimulator26.5.sdk -target x86_64-apple-ios26.0-simulator -g -module-cache-path /Users/wangrenzhu/work/TankTheaterCareScenes/build/DerivedData/ModuleCache.noindex -Xfrontend -serialize-debugging-options -profile-coverage-mapping -profile-generate -enable-testing -index-store-path /Users/wangrenzhu/work/TankTheaterCareScenes/build/DerivedData/Index.noindex/DataStore -Xcc -D_LIBCPP_HARDENING_MODE\=_LIBCPP_HARDENING_MODE_DEBUG -swift-version 5 -I /Users/wangrenzhu/work/TankTheaterCareScenes/build/DerivedData/Build/Products/Debug-iphonesimulator -F /Users/wangrenzhu/work/TankTheaterCareScenes/build/DerivedData/Build/Products/Debug-iphonesimulator -emit-localized-strings -emit-localized-strings-path /Users/wangrenzhu/work/TankTheaterCareScenes/build/DerivedData/Build/Intermediates.noindex/TankTheaterCareScenes.build/Debug-iphonesimulator/TankTheaterCareScenes.build/Objects-normal/x86_64 -c -j10 -enable-batch-mode -incremental -Xcc -ivfsstatcache -Xcc /Users/wangrenzhu/work/TankTheaterCareScenes/build/DerivedData/SDKStatCaches.noindex/iphonesimulator26.5-23F81a-6cfe768891a92b912361537c460fe42b.sdkstatcache -output-file-map /Users/wangrenzhu/work/TankTheaterCareScenes/build/DerivedData/Build/Intermediates.noindex/TankTheaterCareScenes.build/Debug-iphonesimulator/TankTheaterCareScenes.build/Objects-normal/x86_64/TankTheaterCareScenes-OutputFileMap.json -use-frontend-parseable-output -save-temps -no-color-diagnostics -explicit-module-build -module-cache-path /Users/wangrenzhu/work/TankTheaterCareScenes/build/DerivedData/Build/Intermediates.noindex/SwiftExplicitPrecompiledModules -clang-scanner-module-cache-path /Users/wangrenzhu/work/TankTheaterCareScenes/build/DerivedData/ModuleCache.noindex -sdk-module-cache-path /Users/wangrenzhu/work/TankTheaterCareScenes/build/DerivedData/ModuleCache.noindex -serialize-diagnostics -emit-dependencies -emit-module -emit-module-path /Users/wangrenzhu/work/TankTheaterCareScenes/build/DerivedData/Build/Intermediates.noindex/TankTheaterCareScenes.build/Debug-iphonesimulator/TankTheaterCareScenes.build/Objects-normal/x86_64/TankTheaterCareScenes.swiftmodule -validate-clang-modules-once -clang-build-session-file /Users/wangrenzhu/work/TankTheaterCareScenes/build/DerivedData/ModuleCache.noindex/Session.modulevalidation -Xcc -I/Users/wangrenzhu/work/TankTheaterCareScenes/build/DerivedData/Build/Intermediates.noindex/TankTheaterCareScenes.build/Debug-iphonesimulator/TankTheaterCareScenes.build/swift-overrides.hmap -emit-const-values -Xfrontend -const-gather-protocols-file -Xfrontend /Users/wangrenzhu/work/TankTheaterCareScenes/build/DerivedData/Build/Intermediates.noindex/TankTheaterCareScenes.build/Debug-iphonesimulator/TankTheaterCareScenes.build/Objects-normal/x86_64/TankTheaterCareScenes_const_extract_protocols.json -Xcc -iquote -Xcc /Users/wangrenzhu/work/TankTheaterCareScenes/build/DerivedData/Build/Intermediates.noindex/TankTheaterCareScenes.build/Debug-iphonesimulator/TankTheaterCareScenes.build/TankTheaterCareScenes-generated-files.hmap -Xcc -I/Users/wangrenzhu/work/TankTheaterCareScenes/build/DerivedData/Build/Intermediates.noindex/TankTheaterCareScenes.build/Debug-iphonesimulator/TankTheaterCareScenes.build/TankTheaterCareScenes-own-target-headers.hmap -Xcc -I/Users/wangrenzhu/work/TankTheaterCareScenes/build/DerivedData/Build/Intermediates.noindex/TankTheaterCareScenes.build/Debug-iphonesimulator/TankTheaterCareScenes.build/TankTheaterCareScenes-all-target-headers.hmap -Xcc -iquote -Xcc /Users/wangrenzhu/work/TankTheaterCareScenes/build/DerivedData/Build/Intermediates.noindex/TankTheaterCareScenes.build/Debug-iphonesimulator/TankTheaterCareScenes.build/TankTheaterCareScenes-project-headers.hmap -Xcc -I/Users/wangrenzhu/work/TankTheaterCareScenes/build/DerivedData/Build/Products/Debug-iphonesimulator/include -Xcc -I/Users/wangrenzhu/work/TankTheaterCareScenes/build/DerivedData/Build/Intermediates.noindex/TankTheaterCareScenes.build/Debug-iphonesimulator/TankTheaterCareScenes.build/DerivedSources-normal/x86_64 -Xcc -I/Users/wangrenzhu/work/TankTheaterCareScenes/build/DerivedData/Build/Intermediates.noindex/TankTheaterCareScenes.build/Debug-iphonesimulator/TankTheaterCareScenes.build/DerivedSources/x86_64 -Xcc -I/Users/wangrenzhu/work/TankTheaterCareScenes/build/DerivedData/Build/Intermediates.noindex/TankTheaterCareScenes.build/Debug-iphonesimulator/TankTheaterCareScenes.build/DerivedSources -Xcc -DDEBUG\=1 -emit-objc-header -emit-objc-header-path /Users/wangrenzhu/work/TankTheaterCareScenes/build/DerivedData/Build/Intermediates.noindex/TankTheaterCareScenes.build/Debug-iphonesimulator/TankTheaterCareScenes.build/Objects-normal/x86_64/TankTheaterCareScenes-Swift.h -working-directory /Users/wangrenzhu/work/TankTheaterCareScenes -experimental-emit-module-separately -disable-cmo

SwiftDriver TankTheaterCareScenes normal arm64 com.apple.xcode.tools.swift.compiler (in target 'TankTheaterCareScenes' from project 'TankTheaterCareScenes')
    cd /Users/wangrenzhu/work/TankTheaterCareScenes
    builtin-SwiftDriver -- /Applications/Xcode.app/Contents/Developer/Toolchains/XcodeDefault.xctoolchain/usr/bin/swiftc -module-name TankTheaterCareScenes -Onone @/Users/wangrenzhu/work/TankTheaterCareScenes/build/DerivedData/Build/Intermediates.noindex/TankTheaterCareScenes.build/Debug-iphonesimulator/TankTheaterCareScenes.build/Objects-normal/arm64/TankTheaterCareScenes.SwiftFileList -DDEBUG -default-isolation\=MainActor -enable-bare-slash-regex -enable-upcoming-feature DisableOutwardActorInference -enable-upcoming-feature InferSendableFromCaptures -enable-upcoming-feature GlobalActorIsolatedTypesUsability -enable-upcoming-feature MemberImportVisibility -enable-upcoming-feature InferIsolatedConformances -enable-upcoming-feature NonisolatedNonsendingByDefault -enable-experimental-feature DebugDescriptionMacro -sdk /Applications/Xcode.app/Contents/Developer/Platforms/iPhoneSimulator.platform/Developer/SDKs/iPhoneSimulator26.5.sdk -target arm64-apple-ios26.0-simulator -g -module-cache-path /Users/wangrenzhu/work/TankTheaterCareScenes/build/DerivedData/ModuleCache.noindex -Xfrontend -serialize-debugging-options -profile-coverage-mapping -profile-generate -enable-testing -index-store-path /Users/wangrenzhu/work/TankTheaterCareScenes/build/DerivedData/Index.noindex/DataStore -Xcc -D_LIBCPP_HARDENING_MODE\=_LIBCPP_HARDENING_MODE_DEBUG -swift-version 5 -I /Users/wangrenzhu/work/TankTheaterCareScenes/build/DerivedData/Build/Products/Debug-iphonesimulator -F /Users/wangrenzhu/work/TankTheaterCareScenes/build/DerivedData/Build/Products/Debug-iphonesimulator -emit-localized-strings -emit-localized-strings-path /Users/wangrenzhu/work/TankTheaterCareScenes/build/DerivedData/Build/Intermediates.noindex/TankTheaterCareScenes.build/Debug-iphonesimulator/TankTheaterCareScenes.build/Objects-normal/arm64 -c -j10 -enable-batch-mode -incremental -Xcc -ivfsstatcache -Xcc /Users/wangrenzhu/work/TankTheaterCareScenes/build/DerivedData/SDKStatCaches.noindex/iphonesimulator26.5-23F81a-6cfe768891a92b912361537c460fe42b.sdkstatcache -output-file-map /Users/wangrenzhu/work/TankTheaterCareScenes/build/DerivedData/Build/Intermediates.noindex/TankTheaterCareScenes.build/Debug-iphonesimulator/TankTheaterCareScenes.build/Objects-normal/arm64/TankTheaterCareScenes-OutputFileMap.json -use-frontend-parseable-output -save-temps -no-color-diagnostics -explicit-module-build -module-cache-path /Users/wangrenzhu/work/TankTheaterCareScenes/build/DerivedData/Build/Intermediates.noindex/SwiftExplicitPrecompiledModules -clang-scanner-module-cache-path /Users/wangrenzhu/work/TankTheaterCareScenes/build/DerivedData/ModuleCache.noindex -sdk-module-cache-path /Users/wangrenzhu/work/TankTheaterCareScenes/build/DerivedData/ModuleCache.noindex -serialize-diagnostics -emit-dependencies -emit-module -emit-module-path /Users/wangrenzhu/work/TankTheaterCareScenes/build/DerivedData/Build/Intermediates.noindex/TankTheaterCareScenes.build/Debug-iphonesimulator/TankTheaterCareScenes.build/Objects-normal/arm64/TankTheaterCareScenes.swiftmodule -validate-clang-modules-once -clang-build-session-file /Users/wangrenzhu/work/TankTheaterCareScenes/build/DerivedData/ModuleCache.noindex/Session.modulevalidation -Xcc -I/Users/wangrenzhu/work/TankTheaterCareScenes/build/DerivedData/Build/Intermediates.noindex/TankTheaterCareScenes.build/Debug-iphonesimulator/TankTheaterCareScenes.build/swift-overrides.hmap -emit-const-values -Xfrontend -const-gather-protocols-file -Xfrontend /Users/wangrenzhu/work/TankTheaterCareScenes/build/DerivedData/Build/Intermediates.noindex/TankTheaterCareScenes.build/Debug-iphonesimulator/TankTheaterCareScenes.build/Objects-normal/arm64/TankTheaterCareScenes_const_extract_protocols.json -Xcc -iquote -Xcc /Users/wangrenzhu/work/TankTheaterCareScenes/build/DerivedData/Build/Intermediates.noindex/TankTheaterCareScenes.build/Debug-iphonesimulator/TankTheaterCareScenes.build/TankTheaterCareScenes-generated-files.hmap -Xcc -I/Users/wangrenzhu/work/TankTheaterCareScenes/build/DerivedData/Build/Intermediates.noindex/TankTheaterCareScenes.build/Debug-iphonesimulator/TankTheaterCareScenes.build/TankTheaterCareScenes-own-target-headers.hmap -Xcc -I/Users/wangrenzhu/work/TankTheaterCareScenes/build/DerivedData/Build/Intermediates.noindex/TankTheaterCareScenes.build/Debug-iphonesimulator/TankTheaterCareScenes.build/TankTheaterCareScenes-all-target-headers.hmap -Xcc -iquote -Xcc /Users/wangrenzhu/work/TankTheaterCareScenes/build/DerivedData/Build/Intermediates.noindex/TankTheaterCareScenes.build/Debug-iphonesimulator/TankTheaterCareScenes.build/TankTheaterCareScenes-project-headers.hmap -Xcc -I/Users/wangrenzhu/work/TankTheaterCareScenes/build/DerivedData/Build/Products/Debug-iphonesimulator/include -Xcc -I/Users/wangrenzhu/work/TankTheaterCareScenes/build/DerivedData/Build/Intermediates.noindex/TankTheaterCareScenes.build/Debug-iphonesimulator/TankTheaterCareScenes.build/DerivedSources-normal/arm64 -Xcc -I/Users/wangrenzhu/work/TankTheaterCareScenes/build/DerivedData/Build/Intermediates.noindex/TankTheaterCareScenes.build/Debug-iphonesimulator/TankTheaterCareScenes.build/DerivedSources/arm64 -Xcc -I/Users/wangrenzhu/work/TankTheaterCareScenes/build/DerivedData/Build/Intermediates.noindex/TankTheaterCareScenes.build/Debug-iphonesimulator/TankTheaterCareScenes.build/DerivedSources -Xcc -DDEBUG\=1 -emit-objc-header -emit-objc-header-path /Users/wangrenzhu/work/TankTheaterCareScenes/build/DerivedData/Build/Intermediates.noindex/TankTheaterCareScenes.build/Debug-iphonesimulator/TankTheaterCareScenes.build/Objects-normal/arm64/TankTheaterCareScenes-Swift.h -working-directory /Users/wangrenzhu/work/TankTheaterCareScenes -experimental-emit-module-separately -disable-cmo

SwiftExplicitDependencyGeneratePcm x86_64 /Users/wangrenzhu/work/TankTheaterCareScenes/build/DerivedData/ModuleCache.noindex/SwiftShims-EBO85PB9MQV8GJ7USJ0RNTBZL.pcm

SwiftExplicitDependencyGeneratePcm x86_64 /Users/wangrenzhu/work/TankTheaterCareScenes/build/DerivedData/ModuleCache.noindex/ptrcheck-9CIJBJ2TZ0EE67Q94XBEOMGSR.pcm

SwiftExplicitDependencyGeneratePcm x86_64 /Users/wangrenzhu/work/TankTheaterCareScenes/build/DerivedData/ModuleCache.noindex/_SwiftConcurrencyShims-1CSLN584VYBISG9BRBTNTKSB6.pcm

SwiftExplicitDependencyGeneratePcm x86_64 /Users/wangrenzhu/work/TankTheaterCareScenes/build/DerivedData/ModuleCache.noindex/_Builtin_stdarg-2DXF4RT9K12L78EQJZT3KSR0E.pcm

SwiftExplicitDependencyGeneratePcm x86_64 /Users/wangrenzhu/work/TankTheaterCareScenes/build/DerivedData/ModuleCache.noindex/_StoreKit_SwiftUI-7QHWQZ9VCDAGFSDVN4V0VACV.pcm

SwiftExplicitDependencyGeneratePcm x86_64 /Users/wangrenzhu/work/TankTheaterCareScenes/build/DerivedData/ModuleCache.noindex/DeveloperToolsSupport-1WHK3SDMSNQ873HL0H524GUJQ.pcm

SwiftExplicitDependencyGeneratePcm x86_64 /Users/wangrenzhu/work/TankTheaterCareScenes/build/DerivedData/ModuleCache.noindex/_Builtin_stdbool-8587FNN4349VTZHTFRNP5GKLG.pcm

SwiftExplicitDependencyGeneratePcm x86_64 /Users/wangrenzhu/work/TankTheaterCareScenes/build/DerivedData/ModuleCache.noindex/_AvailabilityInternal-8Y3O6NRXTI477REEVR7OL63ZT.pcm

SwiftExplicitDependencyGeneratePcm x86_64 /Users/wangrenzhu/work/TankTheaterCareScenes/build/DerivedData/ModuleCache.noindex/_Builtin_stddef-TIN6O40T15X5CCBGVA3A4NW7.pcm

SwiftExplicitDependencyGeneratePcm x86_64 /Users/wangrenzhu/work/TankTheaterCareScenes/build/DerivedData/ModuleCache.noindex/ptrauth-E58HOZO5GSGX6QZA8JQA4QY61.pcm

SwiftExplicitDependencyGeneratePcm arm64 /Users/wangrenzhu/work/TankTheaterCareScenes/build/DerivedData/ModuleCache.noindex/DeveloperToolsSupport-ETHDC779BH70DZMGFA6ISOFI6.pcm

SwiftExplicitDependencyGeneratePcm arm64 /Users/wangrenzhu/work/TankTheaterCareScenes/build/DerivedData/ModuleCache.noindex/_Builtin_float-B2AGSTDJSI6UI7750FENVZXOD.pcm

SwiftExplicitDependencyGeneratePcm arm64 /Users/wangrenzhu/work/TankTheaterCareScenes/build/DerivedData/ModuleCache.noindex/ptrcheck-6T66VZDK7FIL9ESB7DKL1CLCI.pcm

SwiftExplicitDependencyGeneratePcm arm64 /Users/wangrenzhu/work/TankTheaterCareScenes/build/DerivedData/ModuleCache.noindex/_SwiftConcurrencyShims-CWZN3ZW8P2QFDNBUNAS99PYHX.pcm

SwiftExplicitDependencyGeneratePcm arm64 /Users/wangrenzhu/work/TankTheaterCareScenes/build/DerivedData/ModuleCache.noindex/ptrauth-89YXQWSCMJ159OI9F03TPOCWW.pcm

SwiftExplicitDependencyGeneratePcm arm64 /Users/wangrenzhu/work/TankTheaterCareScenes/build/DerivedData/ModuleCache.noindex/SwiftShims-BQ16179OIV63UNM483LJLU50J.pcm

SwiftExplicitDependencyGeneratePcm arm64 /Users/wangrenzhu/work/TankTheaterCareScenes/build/DerivedData/ModuleCache.noindex/_Builtin_stdarg-5MT2NTOPC1CB6TSUCS2QGXGA0.pcm

SwiftExplicitDependencyGeneratePcm arm64 /Users/wangrenzhu/work/TankTheaterCareScenes/build/DerivedData/ModuleCache.noindex/_StoreKit_SwiftUI-5RRVWIUI2TH9QFLT5IC0FNJW9.pcm

SwiftExplicitDependencyGeneratePcm arm64 /Users/wangrenzhu/work/TankTheaterCareScenes/build/DerivedData/ModuleCache.noindex/_Builtin_stdbool-EFTJIAPWP8KAHW79UG54FDOI6.pcm

SwiftExplicitDependencyGeneratePcm x86_64 /Users/wangrenzhu/work/TankTheaterCareScenes/build/DerivedData/ModuleCache.noindex/_DarwinFoundation1-E94UCVK62JCDZ4YMYZ2ZHFTCY.pcm

SwiftExplicitDependencyGeneratePcm x86_64 /Users/wangrenzhu/work/TankTheaterCareScenes/build/DerivedData/ModuleCache.noindex/_Builtin_float-B7B7ZB2RWTLVESCN3RN798KI.pcm

SwiftExplicitDependencyGeneratePcm arm64 /Users/wangrenzhu/work/TankTheaterCareScenes/build/DerivedData/ModuleCache.noindex/_Builtin_stddef-1ZY3YFF02B5GVMMLZ3DFHILBD.pcm

SwiftExplicitDependencyGeneratePcm arm64 /Users/wangrenzhu/work/TankTheaterCareScenes/build/DerivedData/ModuleCache.noindex/_AvailabilityInternal-9TTZPG6QO86OK700LK8CTW33V.pcm

SwiftExplicitDependencyGeneratePcm x86_64 /Users/wangrenzhu/work/TankTheaterCareScenes/build/DerivedData/ModuleCache.noindex/ExtensionFoundation-2BXCLO28F77PQEJI1VGTX5MUE.pcm

SwiftExplicitDependencyGeneratePcm x86_64 /Users/wangrenzhu/work/TankTheaterCareScenes/build/DerivedData/ModuleCache.noindex/_Builtin_limits-AO8M0R7MP312R1LHJBXWW99G7.pcm

SwiftExplicitDependencyGeneratePcm x86_64 /Users/wangrenzhu/work/TankTheaterCareScenes/build/DerivedData/ModuleCache.noindex/_DarwinFoundation2-12YNT52KGR109Q6YO283SNOTG.pcm

SwiftExplicitDependencyGeneratePcm arm64 /Users/wangrenzhu/work/TankTheaterCareScenes/build/DerivedData/ModuleCache.noindex/_DarwinFoundation1-1E7X1JN2YKTGBNKO1HZSL43CF.pcm

SwiftExplicitDependencyGeneratePcm arm64 /Users/wangrenzhu/work/TankTheaterCareScenes/build/DerivedData/ModuleCache.noindex/_Builtin_limits-BH6JI51FOJU5NYHXDR6ECF2KM.pcm

SwiftExplicitDependencyGeneratePcm arm64 /Users/wangrenzhu/work/TankTheaterCareScenes/build/DerivedData/ModuleCache.noindex/ExtensionFoundation-CU5YCZ80F9G9IUWMINX1PNMXG.pcm

SwiftExplicitDependencyGeneratePcm arm64 /Users/wangrenzhu/work/TankTheaterCareScenes/build/DerivedData/ModuleCache.noindex/_DarwinFoundation2-E8UK9JJJRJG2HKE3Z74IIZ6OQ.pcm

SwiftExplicitDependencyGeneratePcm x86_64 /Users/wangrenzhu/work/TankTheaterCareScenes/build/DerivedData/ModuleCache.noindex/_Builtin_tgmath-BQM3CPUNKDJFGRVJMFVFSWM7J.pcm

SwiftExplicitDependencyGeneratePcm x86_64 /Users/wangrenzhu/work/TankTheaterCareScenes/build/DerivedData/ModuleCache.noindex/sys_types-457RO9NPOU91C2C871SB8K81H.pcm

SwiftExplicitDependencyGeneratePcm x86_64 /Users/wangrenzhu/work/TankTheaterCareScenes/build/DerivedData/ModuleCache.noindex/_Builtin_stdint-9C3ELVQSGASVSPCA4CKCNHAHG.pcm

SwiftExplicitDependencyGeneratePcm x86_64 /Users/wangrenzhu/work/TankTheaterCareScenes/build/DerivedData/ModuleCache.noindex/_Builtin_stdatomic-W1ZWSLEFRXRSSQ8DZYAPXAXV.pcm

SwiftExplicitDependencyGeneratePcm x86_64 /Users/wangrenzhu/work/TankTheaterCareScenes/build/DerivedData/ModuleCache.noindex/_DarwinFoundation3-6Q17GYNKJRD5J6NG8MR0QW5DT.pcm

SwiftExplicitDependencyGeneratePcm arm64 /Users/wangrenzhu/work/TankTheaterCareScenes/build/DerivedData/ModuleCache.noindex/_Builtin_stdint-72Z2UCA4ZDZEA3R1DTO4FSKPB.pcm

SwiftExplicitDependencyGeneratePcm arm64 /Users/wangrenzhu/work/TankTheaterCareScenes/build/DerivedData/ModuleCache.noindex/_Builtin_tgmath-978XAXUYP5XBJJW9G1YWI7A51.pcm

SwiftExplicitDependencyGeneratePcm arm64 /Users/wangrenzhu/work/TankTheaterCareScenes/build/DerivedData/ModuleCache.noindex/sys_types-A18LDFZQCU69YHUO02R33OG0V.pcm

SwiftExplicitDependencyGeneratePcm arm64 /Users/wangrenzhu/work/TankTheaterCareScenes/build/DerivedData/ModuleCache.noindex/_Builtin_stdatomic-7GXGPH7ANXNQSAYCMY1562R5Z.pcm

SwiftExplicitDependencyGeneratePcm arm64 /Users/wangrenzhu/work/TankTheaterCareScenes/build/DerivedData/ModuleCache.noindex/_DarwinFoundation3-995EKCJNHEMICA9QBKDEJ8UL7.pcm

SwiftExplicitDependencyGeneratePcm arm64 /Users/wangrenzhu/work/TankTheaterCareScenes/build/DerivedData/ModuleCache.noindex/_Builtin_intrinsics-CS46FBIEDIOTDAOFL4UJFR8BA.pcm

SwiftExplicitDependencyGeneratePcm x86_64 /Users/wangrenzhu/work/TankTheaterCareScenes/build/DerivedData/ModuleCache.noindex/_Builtin_inttypes-5SIE3JM9CAMQTJHXGBSR31X2J.pcm

SwiftExplicitDependencyGeneratePcm x86_64 /Users/wangrenzhu/work/TankTheaterCareScenes/build/DerivedData/ModuleCache.noindex/_Builtin_intrinsics-303U2B8I28Q8UXM03J30FGSFE.pcm

SwiftExplicitDependencyGeneratePcm x86_64 /Users/wangrenzhu/work/TankTheaterCareScenes/build/DerivedData/ModuleCache.noindex/Darwin-B00WWWHX7LSBDQ4AYRBWCZV49.pcm

SwiftExplicitDependencyGeneratePcm arm64 /Users/wangrenzhu/work/TankTheaterCareScenes/build/DerivedData/ModuleCache.noindex/_Builtin_inttypes-7IWWL9OKQQW5RRIYMHJ5XLYIV.pcm

SwiftExplicitDependencyGeneratePcm arm64 /Users/wangrenzhu/work/TankTheaterCareScenes/build/DerivedData/ModuleCache.noindex/Darwin-277U92A7CDPEOSQ2GRAHKGQ5B.pcm

SwiftExplicitDependencyGeneratePcm arm64 /Users/wangrenzhu/work/TankTheaterCareScenes/build/DerivedData/ModuleCache.noindex/simd-3E6CMAVN1YVADK94OOTVYXMR4.pcm

SwiftExplicitDependencyGeneratePcm x86_64 /Users/wangrenzhu/work/TankTheaterCareScenes/build/DerivedData/ModuleCache.noindex/MachO-856FTNXR0FO9GWO8W5NY842DG.pcm

SwiftExplicitDependencyGeneratePcm x86_64 /Users/wangrenzhu/work/TankTheaterCareScenes/build/DerivedData/ModuleCache.noindex/ObjectiveC-2N8TXCQ1KEZ3W8UM5HO4LP245.pcm

SwiftExplicitDependencyGeneratePcm x86_64 /Users/wangrenzhu/work/TankTheaterCareScenes/build/DerivedData/ModuleCache.noindex/simd-D6XAD48R0T3GNVQKMGVK1YO7M.pcm

SwiftExplicitDependencyGeneratePcm x86_64 /Users/wangrenzhu/work/TankTheaterCareScenes/build/DerivedData/ModuleCache.noindex/os_object-3JBWRLA5FBO6RJT3WMKM497V1.pcm

SwiftExplicitDependencyGeneratePcm arm64 /Users/wangrenzhu/work/TankTheaterCareScenes/build/DerivedData/ModuleCache.noindex/ObjectiveC-C22HI78IHA0EJ3ERI4F8SG62Y.pcm

SwiftExplicitDependencyGeneratePcm arm64 /Users/wangrenzhu/work/TankTheaterCareScenes/build/DerivedData/ModuleCache.noindex/MachO-DLIMDOHILMOL3T70LE5UZTHSE.pcm

SwiftExplicitDependencyGeneratePcm x86_64 /Users/wangrenzhu/work/TankTheaterCareScenes/build/DerivedData/ModuleCache.noindex/os_workgroup-7YGTG8MRUF5VKX16JVPFLT1ET.pcm

SwiftExplicitDependencyGeneratePcm arm64 /Users/wangrenzhu/work/TankTheaterCareScenes/build/DerivedData/ModuleCache.noindex/os_object-8N6RSAI0QAVDYLM0IYFRSBB1G.pcm

SwiftExplicitDependencyGeneratePcm x86_64 /Users/wangrenzhu/work/TankTheaterCareScenes/build/DerivedData/ModuleCache.noindex/Dispatch-240Q44YT7AK5J1ADJ0E2FZOBG.pcm

SwiftExplicitDependencyGeneratePcm arm64 /Users/wangrenzhu/work/TankTheaterCareScenes/build/DerivedData/ModuleCache.noindex/os_workgroup-PE9XVCGDTK1048YDU9DG3YXM.pcm

SwiftExplicitDependencyGeneratePcm x86_64 /Users/wangrenzhu/work/TankTheaterCareScenes/build/DerivedData/ModuleCache.noindex/XPC-8G6ONAI0QCK70RIPMS85EJFSZ.pcm

SwiftExplicitDependencyGeneratePcm x86_64 /Users/wangrenzhu/work/TankTheaterCareScenes/build/DerivedData/ModuleCache.noindex/CoreFoundation-A2J5CYO0CF9HA40OYOP1GJ3WK.pcm

SwiftExplicitDependencyGeneratePcm x86_64 /Users/wangrenzhu/work/TankTheaterCareScenes/build/DerivedData/ModuleCache.noindex/dnssd-1IHSDYSWIX1081ICN44UYQB75.pcm

SwiftExplicitDependencyGeneratePcm arm64 /Users/wangrenzhu/work/TankTheaterCareScenes/build/DerivedData/ModuleCache.noindex/Dispatch-4YQWAUOQL5Z3I3DOIM0YR0ZLV.pcm

SwiftExplicitDependencyGeneratePcm arm64 /Users/wangrenzhu/work/TankTheaterCareScenes/build/DerivedData/ModuleCache.noindex/Spatial-4FRT9AM9JLB1GAIM3O0MCEGWC.pcm

SwiftExplicitDependencyGeneratePcm x86_64 /Users/wangrenzhu/work/TankTheaterCareScenes/build/DerivedData/ModuleCache.noindex/os-588TTGMPJW2WPTDB0TGDH3WUS.pcm

SwiftExplicitDependencyGeneratePcm arm64 /Users/wangrenzhu/work/TankTheaterCareScenes/build/DerivedData/ModuleCache.noindex/dnssd-1WE61PM1S3JMH78L32EG764I3.pcm

SwiftExplicitDependencyGeneratePcm arm64 /Users/wangrenzhu/work/TankTheaterCareScenes/build/DerivedData/ModuleCache.noindex/XPC-2G7HDARV5AWC94320EJ8JVG7D.pcm

SwiftExplicitDependencyGeneratePcm arm64 /Users/wangrenzhu/work/TankTheaterCareScenes/build/DerivedData/ModuleCache.noindex/CoreFoundation-285YPFVXU2WFBNVOFL41W73C4.pcm

SwiftExplicitDependencyGeneratePcm x86_64 /Users/wangrenzhu/work/TankTheaterCareScenes/build/DerivedData/ModuleCache.noindex/CFNetwork-EFTWY2MVLZPVSVUCBR90WWGUV.pcm

SwiftExplicitDependencyGeneratePcm x86_64 /Users/wangrenzhu/work/TankTheaterCareScenes/build/DerivedData/ModuleCache.noindex/Security-AXQDLZ5PBF1B9GZWGU08HCXEK.pcm

SwiftExplicitDependencyGeneratePcm x86_64 /Users/wangrenzhu/work/TankTheaterCareScenes/build/DerivedData/ModuleCache.noindex/CoreGraphics-B5BGXCYCVWNH1XQT0T6HNGRGI.pcm

SwiftExplicitDependencyGeneratePcm arm64 /Users/wangrenzhu/work/TankTheaterCareScenes/build/DerivedData/ModuleCache.noindex/os-9ID1XE7W1DEHN4V66DTKY5Q6V.pcm

SwiftExplicitDependencyGeneratePcm x86_64 /Users/wangrenzhu/work/TankTheaterCareScenes/build/DerivedData/ModuleCache.noindex/Spatial-8QC4CUCGXL3PYH3QXIVCZM3BW.pcm

SwiftExplicitDependencyGeneratePcm x86_64 /Users/wangrenzhu/work/TankTheaterCareScenes/build/DerivedData/ModuleCache.noindex/Foundation-6WGAP1PTLWOKDOSAOLR12X0UT.pcm

SwiftExplicitDependencyGeneratePcm arm64 /Users/wangrenzhu/work/TankTheaterCareScenes/build/DerivedData/ModuleCache.noindex/CFNetwork-A56KNHZ58OAZRZI4UAL6ISS2O.pcm

SwiftExplicitDependencyGeneratePcm arm64 /Users/wangrenzhu/work/TankTheaterCareScenes/build/DerivedData/ModuleCache.noindex/CoreGraphics-8KJPXHWFGQKLF3XQ5F02X6OZ5.pcm

SwiftExplicitDependencyGeneratePcm arm64 /Users/wangrenzhu/work/TankTheaterCareScenes/build/DerivedData/ModuleCache.noindex/Security-D1R16ZYDO0R4FPLJP8M4J7D0C.pcm

SwiftExplicitDependencyGeneratePcm x86_64 /Users/wangrenzhu/work/TankTheaterCareScenes/build/DerivedData/ModuleCache.noindex/ImageIO-COSWPSUW0YYQATVP53I2R9J8N.pcm

SwiftExplicitDependencyGeneratePcm x86_64 /Users/wangrenzhu/work/TankTheaterCareScenes/build/DerivedData/ModuleCache.noindex/CoreText-1R9S049YEXC30GHJ2N9LI6WQ0.pcm

SwiftExplicitDependencyGeneratePcm arm64 /Users/wangrenzhu/work/TankTheaterCareScenes/build/DerivedData/ModuleCache.noindex/Foundation-2E5MPDUAVZASOTIWCUROZOT97.pcm

SwiftExplicitDependencyGeneratePcm arm64 /Users/wangrenzhu/work/TankTheaterCareScenes/build/DerivedData/ModuleCache.noindex/ImageIO-C7R28SMOVB67G8RMT76ARVO6U.pcm

SwiftExplicitDependencyGeneratePcm arm64 /Users/wangrenzhu/work/TankTheaterCareScenes/build/DerivedData/ModuleCache.noindex/CoreText-7AIJO7O5TQNGNNC11XLRCD7EO.pcm

SwiftExplicitDependencyGeneratePcm x86_64 /Users/wangrenzhu/work/TankTheaterCareScenes/build/DerivedData/ModuleCache.noindex/UserNotifications-UZCR9DXNA6VPIWYTA3NOM25B.pcm

SwiftExplicitDependencyGeneratePcm x86_64 /Users/wangrenzhu/work/TankTheaterCareScenes/build/DerivedData/ModuleCache.noindex/Symbols-75VJZWMZNURVF272LZVDFSS04.pcm

SwiftExplicitDependencyGeneratePcm x86_64 /Users/wangrenzhu/work/TankTheaterCareScenes/build/DerivedData/ModuleCache.noindex/DataDetection-1LZICGZDJ9GS7I7XZ92UWY2JJ.pcm

SwiftExplicitDependencyGeneratePcm x86_64 /Users/wangrenzhu/work/TankTheaterCareScenes/build/DerivedData/ModuleCache.noindex/BackgroundAssets-BF59JTJ30TZ0C52DYN6UMW123.pcm

SwiftExplicitDependencyGeneratePcm x86_64 /Users/wangrenzhu/work/TankTheaterCareScenes/build/DerivedData/ModuleCache.noindex/LocalAuthentication-2JR7QY9IAKDJUHT1NVDR4AWLL.pcm

SwiftExplicitDependencyGeneratePcm x86_64 /Users/wangrenzhu/work/TankTheaterCareScenes/build/DerivedData/ModuleCache.noindex/CoreTransferable-BMSVLTXYGGWF0029RIUKBE20F.pcm

SwiftExplicitDependencyGeneratePcm x86_64 /Users/wangrenzhu/work/TankTheaterCareScenes/build/DerivedData/ModuleCache.noindex/_LocationEssentials-AH0W8SOQCHKHPYQFQ0ANWG595.pcm

SwiftExplicitDependencyGeneratePcm x86_64 /Users/wangrenzhu/work/TankTheaterCareScenes/build/DerivedData/ModuleCache.noindex/IOSurface-6CZKDO80YHRH40HXWD94SOOCX.pcm

SwiftExplicitDependencyGeneratePcm x86_64 /Users/wangrenzhu/work/TankTheaterCareScenes/build/DerivedData/ModuleCache.noindex/Accessibility-8AU701CD0U6H0RJZL1T182A8V.pcm

SwiftExplicitDependencyGeneratePcm x86_64 /Users/wangrenzhu/work/TankTheaterCareScenes/build/DerivedData/ModuleCache.noindex/RelevanceKit-AQA2WGBYI27FFFZ8BQ5H27PXT.pcm

SwiftExplicitDependencyGeneratePcm x86_64 /Users/wangrenzhu/work/TankTheaterCareScenes/build/DerivedData/ModuleCache.noindex/OSLog-E4QZTV50QZ96TA7D9YCK53NC5.pcm

SwiftExplicitDependencyGeneratePcm x86_64 /Users/wangrenzhu/work/TankTheaterCareScenes/build/DerivedData/ModuleCache.noindex/CoreLocation-1F970SVYXZM9USSD0SEXDIR70.pcm

SwiftExplicitDependencyGeneratePcm x86_64 /Users/wangrenzhu/work/TankTheaterCareScenes/build/DerivedData/ModuleCache.noindex/FileProvider-BW4Y93LWSDRBQXYDHL1MAG33X.pcm

SwiftExplicitDependencyGeneratePcm x86_64 /Users/wangrenzhu/work/TankTheaterCareScenes/build/DerivedData/ModuleCache.noindex/AppIntents-BX32YH3L21OZLROSYIKGPGSND.pcm

SwiftExplicitDependencyGeneratePcm x86_64 /Users/wangrenzhu/work/TankTheaterCareScenes/build/DerivedData/ModuleCache.noindex/UIUtilities-4V3FX4L7WM2LIL4J2XZRHH6A1.pcm

SwiftExplicitDependencyGeneratePcm x86_64 /Users/wangrenzhu/work/TankTheaterCareScenes/build/DerivedData/ModuleCache.noindex/OpenGLES-6MUNX38IX35V6UIIRBN5K1GU3.pcm

SwiftExplicitDependencyGeneratePcm x86_64 /Users/wangrenzhu/work/TankTheaterCareScenes/build/DerivedData/ModuleCache.noindex/Network-EFYBEA049CTFJUX9WJS28TIKG.pcm

SwiftExplicitDependencyGeneratePcm x86_64 /Users/wangrenzhu/work/TankTheaterCareScenes/build/DerivedData/ModuleCache.noindex/CoreData-7HF4BNOCZ40TNTC4ENEMYJIHA.pcm

SwiftExplicitDependencyGeneratePcm x86_64 /Users/wangrenzhu/work/TankTheaterCareScenes/build/DerivedData/ModuleCache.noindex/Metal-22IYHLVCMUHLEJA5BN5TXDTCV.pcm

SwiftExplicitDependencyGeneratePcm x86_64 /Users/wangrenzhu/work/TankTheaterCareScenes/build/DerivedData/ModuleCache.noindex/UniformTypeIdentifiers-4QJ7K8HQ3A7YMBBHKLHW8V7E0.pcm

SwiftExplicitDependencyGeneratePcm arm64 /Users/wangrenzhu/work/TankTheaterCareScenes/build/DerivedData/ModuleCache.noindex/OpenGLES-1EGQR8UR0PH0VOLG01SQQ9JOT.pcm

SwiftExplicitDependencyGeneratePcm arm64 /Users/wangrenzhu/work/TankTheaterCareScenes/build/DerivedData/ModuleCache.noindex/_LocationEssentials-48U4T1XSQAT7ADAG944WNLHXV.pcm

SwiftExplicitDependencyGeneratePcm arm64 /Users/wangrenzhu/work/TankTheaterCareScenes/build/DerivedData/ModuleCache.noindex/Accessibility-1XPE1V2JBO72PH0VF9YRX1M0N.pcm

SwiftExplicitDependencyGeneratePcm arm64 /Users/wangrenzhu/work/TankTheaterCareScenes/build/DerivedData/ModuleCache.noindex/DataDetection-5DS88OMXL4RYEAD7WK2FHFRDV.pcm

SwiftExplicitDependencyGeneratePcm arm64 /Users/wangrenzhu/work/TankTheaterCareScenes/build/DerivedData/ModuleCache.noindex/Network-BVFLBAO64TN0YGKGHNCI3I4A4.pcm

SwiftExplicitDependencyGeneratePcm arm64 /Users/wangrenzhu/work/TankTheaterCareScenes/build/DerivedData/ModuleCache.noindex/UserNotifications-3XFT9CCPUSZXZGPEE5G7X6FS3.pcm

SwiftExplicitDependencyGeneratePcm arm64 /Users/wangrenzhu/work/TankTheaterCareScenes/build/DerivedData/ModuleCache.noindex/RelevanceKit-CH6PAEY1VKWVM46CJEY97WV67.pcm

SwiftExplicitDependencyGeneratePcm arm64 /Users/wangrenzhu/work/TankTheaterCareScenes/build/DerivedData/ModuleCache.noindex/BackgroundAssets-2L7LMI0KVNAEO0CFEEVJ62YYX.pcm

SwiftExplicitDependencyGeneratePcm arm64 /Users/wangrenzhu/work/TankTheaterCareScenes/build/DerivedData/ModuleCache.noindex/CoreLocation-59NTPPJP30VF4TJJCIX2TAUCM.pcm

SwiftExplicitDependencyGeneratePcm x86_64 /Users/wangrenzhu/work/TankTheaterCareScenes/build/DerivedData/ModuleCache.noindex/CoreSpotlight-2IRYS7676TRGA8DTJWCRI6X2D.pcm

SwiftExplicitDependencyGeneratePcm arm64 /Users/wangrenzhu/work/TankTheaterCareScenes/build/DerivedData/ModuleCache.noindex/Symbols-3N7WSEUA5SG4UVJ89I2Y1OAN8.pcm

SwiftExplicitDependencyGeneratePcm arm64 /Users/wangrenzhu/work/TankTheaterCareScenes/build/DerivedData/ModuleCache.noindex/FileProvider-6CBY38GK2OVQR2KFM544L9H6H.pcm

SwiftExplicitDependencyGeneratePcm arm64 /Users/wangrenzhu/work/TankTheaterCareScenes/build/DerivedData/ModuleCache.noindex/OSLog-2I2YWPEFA0EV5CXV3KHUZ15OZ.pcm

SwiftExplicitDependencyGeneratePcm arm64 /Users/wangrenzhu/work/TankTheaterCareScenes/build/DerivedData/ModuleCache.noindex/UniformTypeIdentifiers-3FE9S94CHZWV7NGONJFMSB8TG.pcm

SwiftExplicitDependencyGeneratePcm arm64 /Users/wangrenzhu/work/TankTheaterCareScenes/build/DerivedData/ModuleCache.noindex/AppIntents-21XF3HHA0QCZIOCD5NUWBQBIY.pcm

SwiftExplicitDependencyGeneratePcm arm64 /Users/wangrenzhu/work/TankTheaterCareScenes/build/DerivedData/ModuleCache.noindex/LocalAuthentication-E4UH5XROVMFPEHZZB5NLRN63F.pcm

SwiftExplicitDependencyGeneratePcm arm64 /Users/wangrenzhu/work/TankTheaterCareScenes/build/DerivedData/ModuleCache.noindex/CoreData-FJCS4ANTVNJNH4FR8IKZ0FE6.pcm

SwiftExplicitDependencyGeneratePcm arm64 /Users/wangrenzhu/work/TankTheaterCareScenes/build/DerivedData/ModuleCache.noindex/CoreTransferable-3TIV55YQ0GNDT4RJXQ30CY31Z.pcm

SwiftExplicitDependencyGeneratePcm arm64 /Users/wangrenzhu/work/TankTheaterCareScenes/build/DerivedData/ModuleCache.noindex/IOSurface-8VCL49SL00NQA0P667BO1EL2I.pcm

SwiftExplicitDependencyGeneratePcm arm64 /Users/wangrenzhu/work/TankTheaterCareScenes/build/DerivedData/ModuleCache.noindex/UIUtilities-3DK3PM706HP3ZCBZ2BDT6ZERF.pcm

SwiftExplicitDependencyGeneratePcm arm64 /Users/wangrenzhu/work/TankTheaterCareScenes/build/DerivedData/ModuleCache.noindex/CoreSpotlight-8VBI4M6BLT5PL83J5N7KQP2Y7.pcm

SwiftExplicitDependencyGeneratePcm x86_64 /Users/wangrenzhu/work/TankTheaterCareScenes/build/DerivedData/ModuleCache.noindex/CoreVideo-4QC07D7BT3LWFLP08IEYMVAMI.pcm

SwiftExplicitDependencyGeneratePcm arm64 /Users/wangrenzhu/work/TankTheaterCareScenes/build/DerivedData/ModuleCache.noindex/Metal-1AVG36Y18AYNV1S5CVCMC1H6N.pcm

SwiftExplicitDependencyGeneratePcm x86_64 /Users/wangrenzhu/work/TankTheaterCareScenes/build/DerivedData/ModuleCache.noindex/CoreImage-EW7YMFC9RVVFM5M0CXEMZHCYB.pcm

SwiftExplicitDependencyGeneratePcm x86_64 /Users/wangrenzhu/work/TankTheaterCareScenes/build/DerivedData/ModuleCache.noindex/QuartzCore-5LBVYMOL7HU40B8WAKU6TUC5Y.pcm

SwiftExplicitDependencyGeneratePcm arm64 /Users/wangrenzhu/work/TankTheaterCareScenes/build/DerivedData/ModuleCache.noindex/CoreVideo-7630CQSCZ021W7ZB8SATCMJPG.pcm

SwiftExplicitDependencyGeneratePcm x86_64 /Users/wangrenzhu/work/TankTheaterCareScenes/build/DerivedData/ModuleCache.noindex/SwiftUICore-DYM8LQN5CCA64FLGB83WC0XKB.pcm

SwiftExplicitDependencyGeneratePcm x86_64 /Users/wangrenzhu/work/TankTheaterCareScenes/build/DerivedData/ModuleCache.noindex/UIKit-7X7P9KSNN5XVPXNXUAIPXDW1S.pcm

SwiftExplicitDependencyGeneratePcm arm64 /Users/wangrenzhu/work/TankTheaterCareScenes/build/DerivedData/ModuleCache.noindex/CoreImage-D9BTGUFAZ8EEXQDXV3IC08HED.pcm

SwiftExplicitDependencyGeneratePcm arm64 /Users/wangrenzhu/work/TankTheaterCareScenes/build/DerivedData/ModuleCache.noindex/QuartzCore-EA0O5FZIBK3REJ913T9I0M8PQ.pcm

SwiftExplicitDependencyGeneratePcm arm64 /Users/wangrenzhu/work/TankTheaterCareScenes/build/DerivedData/ModuleCache.noindex/SwiftUICore-3EHA7KQV26OAGVBB9S1KIS756.pcm

SwiftExplicitDependencyGeneratePcm arm64 /Users/wangrenzhu/work/TankTheaterCareScenes/build/DerivedData/ModuleCache.noindex/UIKit-2IYB727RVT1EK4Q5CQHOUXJFS.pcm

SwiftExplicitDependencyGeneratePcm x86_64 /Users/wangrenzhu/work/TankTheaterCareScenes/build/DerivedData/ModuleCache.noindex/SwiftUI-347PLLOTJ2GF6RN1TE3LC8IT3.pcm

SwiftExplicitDependencyGeneratePcm x86_64 /Users/wangrenzhu/work/TankTheaterCareScenes/build/DerivedData/ModuleCache.noindex/StoreKit-BIRUE65KKMHDMIMT0FCL6FWXQ.pcm

SwiftCompile normal x86_64 Compiling\ PremiumStore.swift /Users/wangrenzhu/work/TankTheaterCareScenes/TankTheaterCareScenes/PremiumStore.swift (in target 'TankTheaterCareScenes' from project 'TankTheaterCareScenes')
SwiftCompile normal x86_64 /Users/wangrenzhu/work/TankTheaterCareScenes/TankTheaterCareScenes/PremiumStore.swift (in target 'TankTheaterCareScenes' from project 'TankTheaterCareScenes')
    cd /Users/wangrenzhu/work/TankTheaterCareScenes
    

SwiftCompile normal x86_64 Compiling\ TankTheaterCareScenesApp.swift /Users/wangrenzhu/work/TankTheaterCareScenes/TankTheaterCareScenes/TankTheaterCareScenesApp.swift (in target 'TankTheaterCareScenes' from project 'TankTheaterCareScenes')

SwiftCompile normal x86_64 /Users/wangrenzhu/work/TankTheaterCareScenes/TankTheaterCareScenes/TankTheaterCareScenesApp.swift (in target 'TankTheaterCareScenes' from project 'TankTheaterCareScenes')
    cd /Users/wangrenzhu/work/TankTheaterCareScenes
    

SwiftEmitModule normal x86_64 Emitting\ module\ for\ TankTheaterCareScenes (in target 'TankTheaterCareScenes' from project 'TankTheaterCareScenes')
Failed frontend command:
/Applications/Xcode.app/Contents/Developer/Toolchains/XcodeDefault.xctoolchain/usr/bin/swift-frontend -frontend -emit-module -experimental-skip-non-inlinable-function-bodies-without-types /Users/wangrenzhu/work/TankTheaterCareScenes/TankTheaterCareScenes/AppView.swift /Users/wangrenzhu/work/TankTheaterCareScenes/TankTheaterCareScenes/CareSceneDetailView.swift /Users/wangrenzhu/work/TankTheaterCareScenes/TankTheaterCareScenes/CareSceneEngine.swift /Users/wangrenzhu/work/TankTheaterCareScenes/TankTheaterCareScenes/CareSceneIntents.swift /Users/wangrenzhu/work/TankTheaterCareScenes/TankTheaterCareScenes/CareSceneStore.swift /Users/wangrenzhu/work/TankTheaterCareScenes/TankTheaterCareScenes/CareSceneStudioView.swift /Users/wangrenzhu/work/TankTheaterCareScenes/TankTheaterCareScenes/HomeView.swift /Users/wangrenzhu/work/TankTheaterCareScenes/TankTheaterCareScenes/Models.swift /Users/wangrenzhu/work/TankTheaterCareScenes/TankTheaterCareScenes/PaywallView.swift /Users/wangrenzhu/work/TankTheaterCareScenes/TankTheaterCareScenes/PremiumStore.swift /Users/wangrenzhu/work/TankTheaterCareScenes/TankTheaterCareScenes/SettingsPrivacyView.swift /Users/wangrenzhu/work/TankTheaterCareScenes/TankTheaterCareScenes/TankTheaterCareScenesApp.swift /Users/wangrenzhu/work/TankTheaterCareScenes/TankTheaterCareScenes/VisualComponents.swift -target x86_64-apple-ios26.0-simulator -disable-cross-import-overlay-search -swift-module-cross-import AppIntents /Applications/Xcode.app/Contents/Developer/Platforms/iPhoneSimulator.platform/Developer/SDKs/iPhoneSimulator.sdk/System/Library/Frameworks/AppIntents.framework/Modules/AppIntents.swiftcrossimport/SwiftUI.swiftoverlay -swift-module-cross-import AppIntents /Applications/Xcode.app/Contents/Developer/Platforms/iPhoneSimulator.platform/Developer/SDKs/iPhoneSimulator.sdk/System/Library/Frameworks/AppIntents.framework/Modules/AppIntents.swiftcrossimport/UIKit.swiftoverlay -swift-module-cross-import AppIntents /Applications/Xcode.app/Contents/Developer/Platforms/iPhoneSimulator.platform/Developer/SDKs/iPhoneSimulator26.5.sdk/System/Library/Frameworks/AppIntents.framework/Modules/AppIntents.swiftcrossimport/SwiftUI.swiftoverlay -swift-module-cross-import AppIntents /Applications/Xcode.app/Contents/Developer/Platforms/iPhoneSimulator.platform/Developer/SDKs/iPhoneSimulator26.5.sdk/System/Library/Frameworks/AppIntents.framework/Modules/AppIntents.swiftcrossimport/UIKit.swiftoverlay -swift-module-cross-import RelevanceKit /Applications/Xcode.app/Contents/Developer/Platforms/iPhoneSimulator.platform/Developer/SDKs/iPhoneSimulator.sdk/System/Library/Frameworks/RelevanceKit.framework/Modules/RelevanceKit.swiftcrossimport/MapKit.swiftoverlay -swift-module-cross-import RelevanceKit /Applications/Xcode.app/Contents/Developer/Platforms/iPhoneSimulator.platform/Developer/SDKs/iPhoneSimulator26.5.sdk/System/Library/Frameworks/RelevanceKit.framework/Modules/RelevanceKit.swiftcrossimport/MapKit.swiftoverlay -swift-module-cross-import StoreKit /Applications/Xcode.app/Contents/Developer/Platforms/iPhoneSimulator.platform/Developer/SDKs/iPhoneSimulator.sdk/System/Library/Frameworks/StoreKit.framework/Modules/StoreKit.swiftcrossimport/SwiftUI.swiftoverlay -swift-module-cross-import StoreKit /Applications/Xcode.app/Contents/Developer/Platforms/iPhoneSimulator.platform/Developer/SDKs/iPhoneSimulator26.5.sdk/System/Library/Frameworks/StoreKit.framework/Modules/StoreKit.swiftcrossimport/SwiftUI.swiftoverlay -load-resolved-plugin /Applications/Xcode.app/Contents/Developer/Platforms/iPhoneOS.platform/Developer/usr/lib/swift/host/plugins/libAppIntentsMacros.dylib\#/Applications/Xcode.app/Contents/Developer/Platforms/iPhoneOS.platform/Developer/usr/bin/swift-plugin-server\#AppIntentsMacros -load-resolved-plugin /Applications/Xcode.app/Contents/Developer/Platforms/iPhoneOS.platform/Developer/usr/lib/swift/host/plugins/libFoundationMacros.dylib\#/Applications/Xcode.app/Contents/Developer/Platforms/iPhoneOS.platform/Developer/usr/bin/swift-plugin-server\#FoundationMacros -load-resolved-plugin /Applications/Xcode.app/Contents/Developer/Platforms/iPhoneOS.platform/Developer/usr/lib/swift/host/plugins/libObservationMacros.dylib\#/Applications/Xcode.app/Contents/Developer/Platforms/iPhoneOS.platform/Developer/usr/bin/swift-plugin-server\#ObservationMacros -load-resolved-plugin /Applications/Xcode.app/Contents/Developer/Platforms/iPhoneOS.platform/Developer/usr/lib/swift/host/plugins/libPreviewsMacros.dylib\#/Applications/Xcode.app/Contents/Developer/Platforms/iPhoneOS.platform/Developer/usr/bin/swift-plugin-server\#PreviewsMacros -load-resolved-plugin /Applications/Xcode.app/Contents/Developer/Platforms/iPhoneOS.platform/Developer/usr/lib/swift/host/plugins/libSwiftMacros.dylib\#/Applications/Xcode.app/Contents/Developer/Platforms/iPhoneOS.platform/Developer/usr/bin/swift-plugin-server\#SwiftMacros -load-resolved-plugin /Applications/Xcode.app/Contents/Developer/Platforms/iPhoneOS.platform/Developer/usr/lib/swift/host/plugins/libSwiftUIMacros.dylib\#/Applications/Xcode.app/Contents/Developer/Platforms/iPhoneOS.platform/Developer/usr/bin/swift-plugin-server\#SwiftUIMacros -disable-implicit-swift-modules -Xcc -fno-implicit-modules -Xcc -fno-implicit-module-maps -explicit-swift-module-map-file /Users/wangrenzhu/work/TankTheaterCareScenes/build/DerivedData/Build/Intermediates.noindex/TankTheaterCareScenes.build/Debug-iphonesimulator/TankTheaterCareScenes.build/Objects-normal/x86_64/TankTheaterCareScenes-dependencies-1.json -enable-objc-interop -sdk /Applications/Xcode.app/Contents/Developer/Platforms/iPhoneSimulator.platform/Developer/SDKs/iPhoneSimulator26.5.sdk -I /Users/wangrenzhu/work/TankTheaterCareScenes/build/DerivedData/Build/Products/Debug-iphonesimulator -F /Users/wangrenzhu/work/TankTheaterCareScenes/build/DerivedData/Build/Products/Debug-iphonesimulator -no-color-diagnostics -Xcc -fno-color-diagnostics -enable-testing -g -debug-info-format\=dwarf -dwarf-version\=5 -module-cache-path /Users/wangrenzhu/work/TankTheaterCareScenes/build/DerivedData/Build/Intermediates.noindex/SwiftExplicitPrecompiledModules -profile-generate -profile-coverage-mapping -swift-version 5 -Onone -D DEBUG -serialize-debugging-options -const-gather-protocols-file /Users/wangrenzhu/work/TankTheaterCareScenes/build/DerivedData/Build/Intermediates.noindex/TankTheaterCareScenes.build/Debug-iphonesimulator/TankTheaterCareScenes.build/Objects-normal/x86_64/TankTheaterCareScenes_const_extract_protocols.json -enable-upcoming-feature DisableOutwardActorInference -enable-upcoming-feature InferSendableFromCaptures -enable-upcoming-feature GlobalActorIsolatedTypesUsability -enable-upcoming-feature MemberImportVisibility -enable-upcoming-feature InferIsolatedConformances -enable-upcoming-feature NonisolatedNonsendingByDefault -enable-experimental-feature DebugDescriptionMacro -enable-bare-slash-regex -default-isolation\=MainActor -empty-abi-descriptor -validate-clang-modules-once -clang-build-session-file /Users/wangrenzhu/work/TankTheaterCareScenes/build/DerivedData/ModuleCache.noindex/Session.modulevalidation -Xcc -working-directory -Xcc /Users/wangrenzhu/work/TankTheaterCareScenes -enable-anonymous-context-mangled-names -file-compilation-dir /Users/wangrenzhu/work/TankTheaterCareScenes -Xcc -D_LIBCPP_HARDENING_MODE\=_LIBCPP_HARDENING_MODE_DEBUG -Xcc -ivfsstatcache -Xcc /Users/wangrenzhu/work/TankTheaterCareScenes/build/DerivedData/SDKStatCaches.noindex/iphonesimulator26.5-23F81a-6cfe768891a92b912361537c460fe42b.sdkstatcache -Xcc -I/Users/wangrenzhu/work/TankTheaterCareScenes/build/DerivedData/Build/Intermediates.noindex/TankTheaterCareScenes.build/Debug-iphonesimulator/TankTheaterCareScenes.build/swift-overrides.hmap -Xcc -iquote -Xcc /Users/wangrenzhu/work/TankTheaterCareScenes/build/DerivedData/Build/Intermediates.noindex/TankTheaterCareScenes.build/Debug-iphonesimulator/TankTheaterCareScenes.build/TankTheaterCareScenes-generated-files.hmap -Xcc -I/Users/wangrenzhu/work/TankTheaterCareScenes/build/DerivedData/Build/Intermediates.noindex/TankTheaterCareScenes.build/Debug-iphonesimulator/TankTheaterCareScenes.build/TankTheaterCareScenes-own-target-headers.hmap -Xcc -I/Users/wangrenzhu/work/TankTheaterCareScenes/build/DerivedData/Build/Intermediates.noindex/TankTheaterCareScenes.build/Debug-iphonesimulator/TankTheaterCareScenes.build/TankTheaterCareScenes-all-target-headers.hmap -Xcc -iquote -Xcc /Users/wangrenzhu/work/TankTheaterCareScenes/build/DerivedData/Build/Intermediates.noindex/TankTheaterCareScenes.build/Debug-iphonesimulator/TankTheaterCareScenes.build/TankTheaterCareScenes-project-headers.hmap -Xcc -I/Users/wangrenzhu/work/TankTheaterCareScenes/build/DerivedData/Build/Products/Debug-iphonesimulator/include -Xcc -I/Users/wangrenzhu/work/TankTheaterCareScenes/build/DerivedData/Build/Intermediates.noindex/TankTheaterCareScenes.build/Debug-iphonesimulator/TankTheaterCareScenes.build/DerivedSources-normal/x86_64 -Xcc -I/Users/wangrenzhu/work/TankTheaterCareScenes/build/DerivedData/Build/Intermediates.noindex/TankTheaterCareScenes.build/Debug-iphonesimulator/TankTheaterCareScenes.build/DerivedSources/x86_64 -Xcc -I/Users/wangrenzhu/work/TankTheaterCareScenes/build/DerivedData/Build/Intermediates.noindex/TankTheaterCareScenes.build/Debug-iphonesimulator/TankTheaterCareScenes.build/DerivedSources -Xcc -DDEBUG\=1 -no-auto-bridging-header-chaining -module-name TankTheaterCareScenes -frontend-parseable-output -disable-clang-spi -clang-target x86_64-apple-ios26.5-simulator -target-sdk-version 26.5 -target-sdk-name iphonesimulator26.5 -in-process-plugin-server-path /Applications/Xcode.app/Contents/Developer/Toolchains/XcodeDefault.xctoolchain/usr/lib/swift/host/libSwiftInProcPluginServer.dylib -emit-module-doc-path /Users/wangrenzhu/work/TankTheaterCareScenes/build/DerivedData/Build/Intermediates.noindex/TankTheaterCareScenes.build/Debug-iphonesimulator/TankTheaterCareScenes.build/Objects-normal/x86_64/TankTheaterCareScenes.swiftdoc -emit-module-source-info-path /Users/wangrenzhu/work/TankTheaterCareScenes/build/DerivedData/Build/Intermediates.noindex/TankTheaterCareScenes.build/Debug-iphonesimulator/TankTheaterCareScenes.build/Objects-normal/x86_64/TankTheaterCareScenes.swiftsourceinfo -emit-objc-header-path /Users/wangrenzhu/work/TankTheaterCareScenes/build/DerivedData/Build/Intermediates.noindex/TankTheaterCareScenes.build/Debug-iphonesimulator/TankTheaterCareScenes.build/Objects-normal/x86_64/TankTheaterCareScenes-Swift.h -serialize-diagnostics-path /Users/wangrenzhu/work/TankTheaterCareScenes/build/DerivedData/Build/Intermediates.noindex/TankTheaterCareScenes.build/Debug-iphonesimulator/TankTheaterCareScenes.build/Objects-normal/x86_64/TankTheaterCareScenes-primary-emit-module.dia -emit-dependencies-path /Users/wangrenzhu/work/TankTheaterCareScenes/build/DerivedData/Build/Intermediates.noindex/TankTheaterCareScenes.build/Debug-iphonesimulator/TankTheaterCareScenes.build/Objects-normal/x86_64/TankTheaterCareScenes-primary-emit-module.d -o /Users/wangrenzhu/work/TankTheaterCareScenes/build/DerivedData/Build/Intermediates.noindex/TankTheaterCareScenes.build/Debug-iphonesimulator/TankTheaterCareScenes.build/Objects-normal/x86_64/TankTheaterCareScenes.swiftmodule -emit-abi-descriptor-path /Users/wangrenzhu/work/TankTheaterCareScenes/build/DerivedData/Build/Intermediates.noindex/TankTheaterCareScenes.build/Debug-iphonesimulator/TankTheaterCareScenes.build/Objects-normal/x86_64/TankTheaterCareScenes.abi.json

EmitSwiftModule normal x86_64 (in target 'TankTheaterCareScenes' from project 'TankTheaterCareScenes')
    cd /Users/wangrenzhu/work/TankTheaterCareScenes
    
/Users/wangrenzhu/work/TankTheaterCareScenes/TankTheaterCareScenes/CareSceneStore.swift:4:13: error: type 'CareSceneStore' does not conform to protocol 'ObservableObject'
final class CareSceneStore: ObservableObject {
            ^
/Users/wangrenzhu/work/TankTheaterCareScenes/TankTheaterCareScenes/CareSceneStore.swift:4:13: note: add stubs for conformance
final class CareSceneStore: ObservableObject {
            ^
Combine.ObservableObject.objectWillChange:2:5: note: protocol requires property 'objectWillChange' with type 'Self.ObjectWillChangePublisher'
var objectWillChange: Self.ObjectWillChangePublisher { get }}
    ^
/Users/wangrenzhu/work/TankTheaterCareScenes/TankTheaterCareScenes/CareSceneStore.swift:5:6: error: initializer 'init(wrappedValue:)' is not available due to missing import of defining module 'Combine'
    @Published private(set) var records: [CareSceneRecord] = []
     ^
/Users/wangrenzhu/work/TankTheaterCareScenes/TankTheaterCareScenes/CareSceneStore.swift:2:1: note: add import of module 'Combine'

^
/Users/wangrenzhu/work/TankTheaterCareScenes/TankTheaterCareScenes/CareSceneStore.swift:6:6: error: initializer 'init(wrappedValue:)' is not available due to missing import of defining module 'Combine'
    @Published var draft: CareSceneDraft = .blank { didSet { persistDraft() } }
     ^
/Users/wangrenzhu/work/TankTheaterCareScenes/TankTheaterCareScenes/CareSceneStore.swift:2:1: note: add import of module 'Combine'

^
/Users/wangrenzhu/work/TankTheaterCareScenes/TankTheaterCareScenes/CareSceneStore.swift:7:6: error: initializer 'init(wrappedValue:)' is not available due to missing import of defining module 'Combine'
    @Published var privacyChoice = PrivacyChoice() { didSet { persistPrivacy() } }
     ^
/Users/wangrenzhu/work/TankTheaterCareScenes/TankTheaterCareScenes/CareSceneStore.swift:2:1: note: add import of module 'Combine'

^
/Users/wangrenzhu/work/TankTheaterCareScenes/TankTheaterCareScenes/CareSceneStore.swift:8:6: error: initializer 'init(wrappedValue:)' is not available due to missing import of defining module 'Combine'
    @Published var lastErrorMessage: String?
     ^
/Users/wangrenzhu/work/TankTheaterCareScenes/TankTheaterCareScenes/CareSceneStore.swift:2:1: note: add import of module 'Combine'

^
/Users/wangrenzhu/work/TankTheaterCareScenes/TankTheaterCareScenes/CareSceneStore.swift:9:6: error: initializer 'init(wrappedValue:)' is not available due to missing import of defining module 'Combine'
    @Published var simulateNextSaveFailure = false
     ^
/Users/wangrenzhu/work/TankTheaterCareScenes/TankTheaterCareScenes/CareSceneStore.swift:2:1: note: add import of module 'Combine'

^
/Users/wangrenzhu/work/TankTheaterCareScenes/TankTheaterCareScenes/PremiumStore.swift:5:13: error: type 'PremiumStore' does not conform to protocol 'ObservableObject'
final class PremiumStore: ObservableObject {
            ^
/Users/wangrenzhu/work/TankTheaterCareScenes/TankTheaterCareScenes/PremiumStore.swift:5:13: note: add stubs for conformance
final class PremiumStore: ObservableObject {
            ^
Combine.ObservableObject.objectWillChange:2:5: note: protocol requires property 'objectWillChange' with type 'Self.ObjectWillChangePublisher'
var objectWillChange: Self.ObjectWillChangePublisher { get }}
    ^
/Users/wangrenzhu/work/TankTheaterCareScenes/TankTheaterCareScenes/PremiumStore.swift:8:6: error: initializer 'init(wrappedValue:)' is not available due to missing import of defining module 'Combine'
    @Published var products: [Product] = []
     ^
/Users/wangrenzhu/work/TankTheaterCareScenes/TankTheaterCareScenes/PremiumStore.swift:3:1: note: add import of module 'Combine'

^
/Users/wangrenzhu/work/TankTheaterCareScenes/TankTheaterCareScenes/PremiumStore.swift:9:6: error: initializer 'init(wrappedValue:)' is not available due to missing import of defining module 'Combine'
    @Published var isPremiumUnlocked: Bool { didSet { UserDefaults.standard.set(isPremiumUnlocked, forKey: premiumKey) } }
     ^
/Users/wangrenzhu/work/TankTheaterCareScenes/TankTheaterCareScenes/PremiumStore.swift:3:1: note: add import of module 'Combine'

^
/Users/wangrenzhu/work/TankTheaterCareScenes/TankTheaterCareScenes/PremiumStore.swift:10:6: error: initializer 'init(wrappedValue:)' is not available due to missing import of defining module 'Combine'
    @Published var storeKitMessage = "StoreKit 2 not loaded yet. The first Care Scene remains free."
     ^
/Users/wangrenzhu/work/TankTheaterCareScenes/TankTheaterCareScenes/PremiumStore.swift:3:1: note: add import of module 'Combine'

^
/Users/wangrenzhu/work/TankTheaterCareScenes/TankTheaterCareScenes/PremiumStore.swift:11:6: error: initializer 'init(wrappedValue:)' is not available due to missing import of defining module 'Combine'
    @Published var restoreFailureNote: String?
     ^
/Users/wangrenzhu/work/TankTheaterCareScenes/TankTheaterCareScenes/PremiumStore.swift:3:1: note: add import of module 'Combine'

^

SwiftCompile normal x86_64 Compiling\ VisualComponents.swift /Users/wangrenzhu/work/TankTheaterCareScenes/TankTheaterCareScenes/VisualComponents.swift (in target 'TankTheaterCareScenes' from project 'TankTheaterCareScenes')

SwiftCompile normal x86_64 /Users/wangrenzhu/work/TankTheaterCareScenes/TankTheaterCareScenes/VisualComponents.swift (in target 'TankTheaterCareScenes' from project 'TankTheaterCareScenes')
    cd /Users/wangrenzhu/work/TankTheaterCareScenes
    

SwiftCompile normal x86_64 Compiling\ SettingsPrivacyView.swift /Users/wangrenzhu/work/TankTheaterCareScenes/TankTheaterCareScenes/SettingsPrivacyView.swift (in target 'TankTheaterCareScenes' from project 'TankTheaterCareScenes')

SwiftCompile normal x86_64 /Users/wangrenzhu/work/TankTheaterCareScenes/TankTheaterCareScenes/SettingsPrivacyView.swift (in target 'TankTheaterCareScenes' from project 'TankTheaterCareScenes')
    cd /Users/wangrenzhu/work/TankTheaterCareScenes
    

SwiftCompile normal x86_64 Compiling\ CareSceneStore.swift,\ CareSceneStudioView.swift /Users/wangrenzhu/work/TankTheaterCareScenes/TankTheaterCareScenes/CareSceneStore.swift /Users/wangrenzhu/work/TankTheaterCareScenes/TankTheaterCareScenes/CareSceneStudioView.swift (in target 'TankTheaterCareScenes' from project 'TankTheaterCareScenes')

SwiftCompile normal x86_64 /Users/wangrenzhu/work/TankTheaterCareScenes/TankTheaterCareScenes/CareSceneStore.swift (in target 'TankTheaterCareScenes' from project 'TankTheaterCareScenes')
    cd /Users/wangrenzhu/work/TankTheaterCareScenes
    

SwiftCompile normal x86_64 /Users/wangrenzhu/work/TankTheaterCareScenes/TankTheaterCareScenes/CareSceneStudioView.swift (in target 'TankTheaterCareScenes' from project 'TankTheaterCareScenes')
    cd /Users/wangrenzhu/work/TankTheaterCareScenes
    

SwiftCompile normal x86_64 Compiling\ HomeView.swift /Users/wangrenzhu/work/TankTheaterCareScenes/TankTheaterCareScenes/HomeView.swift (in target 'TankTheaterCareScenes' from project 'TankTheaterCareScenes')

SwiftCompile normal x86_64 /Users/wangrenzhu/work/TankTheaterCareScenes/TankTheaterCareScenes/HomeView.swift (in target 'TankTheaterCareScenes' from project 'TankTheaterCareScenes')
    cd /Users/wangrenzhu/work/TankTheaterCareScenes
    

SwiftCompile normal x86_64 Compiling\ Models.swift /Users/wangrenzhu/work/TankTheaterCareScenes/TankTheaterCareScenes/Models.swift (in target 'TankTheaterCareScenes' from project 'TankTheaterCareScenes')

SwiftCompile normal x86_64 /Users/wangrenzhu/work/TankTheaterCareScenes/TankTheaterCareScenes/Models.swift (in target 'TankTheaterCareScenes' from project 'TankTheaterCareScenes')
    cd /Users/wangrenzhu/work/TankTheaterCareScenes
    

SwiftCompile normal x86_64 Compiling\ PaywallView.swift /Users/wangrenzhu/work/TankTheaterCareScenes/TankTheaterCareScenes/PaywallView.swift (in target 'TankTheaterCareScenes' from project 'TankTheaterCareScenes')

SwiftCompile normal x86_64 /Users/wangrenzhu/work/TankTheaterCareScenes/TankTheaterCareScenes/PaywallView.swift (in target 'TankTheaterCareScenes' from project 'TankTheaterCareScenes')
    cd /Users/wangrenzhu/work/TankTheaterCareScenes
    

SwiftCompile normal x86_64 Compiling\ CareSceneEngine.swift,\ CareSceneIntents.swift /Users/wangrenzhu/work/TankTheaterCareScenes/TankTheaterCareScenes/CareSceneEngine.swift /Users/wangrenzhu/work/TankTheaterCareScenes/TankTheaterCareScenes/CareSceneIntents.swift (in target 'TankTheaterCareScenes' from project 'TankTheaterCareScenes')

SwiftCompile normal x86_64 /Users/wangrenzhu/work/TankTheaterCareScenes/TankTheaterCareScenes/CareSceneEngine.swift (in target 'TankTheaterCareScenes' from project 'TankTheaterCareScenes')
    cd /Users/wangrenzhu/work/TankTheaterCareScenes
    

SwiftCompile normal x86_64 /Users/wangrenzhu/work/TankTheaterCareScenes/TankTheaterCareScenes/CareSceneIntents.swift (in target 'TankTheaterCareScenes' from project 'TankTheaterCareScenes')
    cd /Users/wangrenzhu/work/TankTheaterCareScenes
    

SwiftExplicitDependencyGeneratePcm arm64 /Users/wangrenzhu/work/TankTheaterCareScenes/build/DerivedData/ModuleCache.noindex/SwiftUI-4R6VXMQOSSQ31FYVZT3CN4P7G.pcm

